Analyzing e-SSG-main...

  error - lib\main.dart:17:8 - Target of URI doesn't exist: 'package:student_app/staff_app/controllers/main_controller.dart'. Try creating the file referenced by the URI, or try using a URI for a file that does exist. - uri_does_not_exist
  error - lib\main.dart:76:11 - The function 'StaffMainController' isn't defined. Try importing the library that defines 'StaffMainController', correcting the name to the name of an existing function, or defining a function named 'StaffMainController'. - undefined_function
  error - lib\staff_app\pages\attendance_options_page.dart:3:8 - Target of URI doesn't exist: '../controllers/main_controller.dart'. Try creating the file referenced by the URI, or try using a URI for a file that does exist. - uri_does_not_exist
  error - lib\staff_app\pages\attendance_options_page.dart:21:26 - The name 'StaffMainController' isn't a type, so it can't be used as a type argument. Try correcting the name to an existing type, or defining a type named 'StaffMainController'. - non_type_as_type_argument
  error - lib\staff_app\pages\attendance_options_page.dart:22:16 - The name 'StaffMainController' isn't a type, so it can't be used as a type argument. Try correcting the name to an existing type, or defining a type named 'StaffMainController'. - non_type_as_type_argument
  error - lib\staff_app\pages\attendance_options_page.dart:24:15 - The method 'StaffMainController' isn't defined for the type '_AttendanceOptionsPageState'. Try correcting the name to the name of an existing method, or defining a method named 'StaffMainController'. - undefined_method
  error - lib\staff_app\pages\fee_head_page.dart:5:8 - Target of URI doesn't exist: 'package:student_app/staff_app/controllers/main_controller.dart'. Try creating the file referenced by the URI, or try using a URI for a file that does exist. - uri_does_not_exist
  error - lib\staff_app\pages\fee_head_page.dart:30:13 - The method 'StaffMainController' isn't defined for the type '_FeeHeadPageState'. Try correcting the name to the name of an existing method, or defining a method named 'StaffMainController'. - undefined_method
  error - lib\staff_app\pages\home_dashboard_page.dart:4:8 - Target of URI doesn't exist: '../controllers/main_controller.dart'. Try creating the file referenced by the URI, or try using a URI for a file that does exist. - uri_does_not_exist
  error - lib\staff_app\pages\home_dashboard_page.dart:37:13 - The method 'StaffMainController' isn't defined for the type '_HomeDashboardPageState'. Try correcting the name to the name of an existing method, or defining a method named 'StaffMainController'. - undefined_method
  error - lib\staff_app\pages\student_attendance.dart:5:8 - Target of URI doesn't exist: 'package:student_app/staff_app/controllers/main_controller.dart'. Try creating the file referenced by the URI, or try using a URI for a file that does exist. - uri_does_not_exist
  error - lib\staff_app\pages\student_attendance.dart:82:13 - The method 'StaffMainController' isn't defined for the type '_StudentAttendancePageState'. Try correcting the name to the name of an existing method, or defining a method named 'StaffMainController'. - undefined_method
  error - lib\staff_app\widgets\staff_bottom_nav_bar.dart:3:8 - Target of URI doesn't exist: '../controllers/main_controller.dart'. Try creating the file referenced by the URI, or try using a URI for a file that does exist. - uri_does_not_exist
  error - lib\staff_app\widgets\staff_bottom_nav_bar.dart:12:11 - Undefined class 'StaffMainController'. Try changing the name to the name of an existing class, or creating a class with the name 'StaffMainController'. - undefined_class
  error - lib\staff_app\widgets\staff_bottom_nav_bar.dart:12:61 - The name 'StaffMainController' isn't a type, so it can't be used as a type argument. Try correcting the name to an existing type, or defining a type named 'StaffMainController'. - non_type_as_type_argument
  error - lib\staff_app\widgets\staff_bottom_nav_bar.dart:13:20 - The name 'StaffMainController' isn't a type, so it can't be used as a type argument. Try correcting the name to an existing type, or defining a type named 'StaffMainController'. - non_type_as_type_argument
  error - lib\staff_app\widgets\staff_bottom_nav_bar.dart:14:19 - The method 'StaffMainController' isn't defined for the type 'StaffBottomNavBar'. Try correcting the name to the name of an existing method, or defining a method named 'StaffMainController'. - undefined_method
  error - lib\staff_app\widgets\staff_bottom_nav_bar.dart:61:5 - Undefined class 'StaffMainController'. Try changing the name to the name of an existing class, or creating a class with the name 'StaffMainController'. - undefined_class
   info - lib\staff_app\api\api_service.dart:199:11 - Statements in an if should be enclosed in a block. Try wrapping the statement in a block. - curly_braces_in_flow_control_structures
   info - lib\staff_app\api\api_service.dart:256:11 - Statements in an if should be enclosed in a block. Try wrapping the statement in a block. - curly_braces_in_flow_control_structures
   info - lib\staff_app\controllers\batch_controller.dart:22:7 - Don't invoke 'print' in production code. Try using a logging framework. - avoid_print
   info - lib\staff_app\controllers\batch_controller.dart:32:9 - Don't invoke 'print' in production code. Try using a logging framework. - avoid_print
   info - lib\staff_app\controllers\batch_controller.dart:34:9 - Don't invoke 'print' in production code. Try using a logging framework. - avoid_print
   info - lib\staff_app\controllers\batch_controller.dart:37:7 - Don't invoke 'print' in production code. Try using a logging framework. - avoid_print
   info - lib\staff_app\controllers\class_attendance_controller.dart:438:9 - Don't invoke 'print' in production code. Try using a logging framework. - avoid_print
   info - lib\staff_app\controllers\class_attendance_controller.dart:439:9 - Don't invoke 'print' in production code. Try using a logging framework. - avoid_print
   info - lib\staff_app\controllers\class_attendance_controller.dart:440:9 - Don't invoke 'print' in production code. Try using a logging framework. - avoid_print
   info - lib\staff_app\controllers\class_attendance_controller.dart:445:11 - Don't invoke 'print' in production code. Try using a logging framework. - avoid_print
   info - lib\staff_app\controllers\class_attendance_controller.dart:447:13 - Don't invoke 'print' in production code. Try using a logging framework. - avoid_print
   info - lib\staff_app\controllers\class_attendance_controller.dart:450:9 - Don't invoke 'print' in production code. Try using a logging framework. - avoid_print
   info - lib\staff_app\controllers\class_attendance_controller.dart:451:9 - Don't invoke 'print' in production code. Try using a logging framework. - avoid_print
   info - lib\staff_app\controllers\class_attendance_controller.dart:526:37 - 'withOpacity' is deprecated and shouldn't be used. Use .withValues() to avoid precision loss. Try replacing the use of the deprecated member with the replacement. - deprecated_member_use
   info - lib\staff_app\controllers\class_attendance_controller.dart:595:42 - 'withOpacity' is deprecated and shouldn't be used. Use .withValues() to avoid precision loss. Try replacing the use of the deprecated member with the replacement. - deprecated_member_use
   info - lib\staff_app\controllers\class_attendance_controller.dart:617:37 - 'withOpacity' is deprecated and shouldn't be used. Use .withValues() to avoid precision loss. Try replacing the use of the deprecated member with the replacement. - deprecated_member_use
   info - lib\staff_app\controllers\course_controller.dart:34:7 - Don't invoke 'print' in production code. Try using a logging framework. - avoid_print
   info - lib\staff_app\controllers\exam_category_controller.dart:25:7 - Don't invoke 'print' in production code. Try using a logging framework. - avoid_print
   info - lib\staff_app\controllers\exams_controller.dart:23:7 - Don't invoke 'print' in production code. Try using a logging framework. - avoid_print
   info - lib\staff_app\controllers\exams_controller.dart:40:7 - Don't invoke 'print' in production code. Try using a logging framework. - avoid_print
   info - lib\staff_app\controllers\exams_controller.dart:42:7 - Don't invoke 'print' in production code. Try using a logging framework. - avoid_print
   info - lib\staff_app\controllers\floor_controller.dart:21:7 - Don't invoke 'print' in production code. Try using a logging framework. - avoid_print
   info - lib\staff_app\controllers\floor_controller.dart:37:7 - Don't invoke 'print' in production code. Try using a logging framework. - avoid_print
   info - lib\staff_app\controllers\floor_controller.dart:51:7 - Don't invoke 'print' in production code. Try using a logging framework. - avoid_print
   info - lib\staff_app\controllers\group_controller.dart:35:7 - Don't invoke 'print' in production code. Try using a logging framework. - avoid_print
   info - lib\staff_app\controllers\hostel_controller.dart:65:7 - Don't invoke 'print' in production code. Try using a logging framework. - avoid_print
   info - lib\staff_app\controllers\hostel_controller.dart:84:7 - Don't invoke 'print' in production code. Try using a logging framework. - avoid_print
   info - lib\staff_app\controllers\hostel_controller.dart:98:7 - Don't invoke 'print' in production code. Try using a logging framework. - avoid_print
   info - lib\staff_app\controllers\hostel_controller.dart:111:7 - Don't invoke 'print' in production code. Try using a logging framework. - avoid_print
   info - lib\staff_app\controllers\hostel_controller.dart:146:7 - Don't invoke 'print' in production code. Try using a logging framework. - avoid_print
   info - lib\staff_app\controllers\hostel_controller.dart:194:7 - Don't invoke 'print' in production code. Try using a logging framework. - avoid_print
   info - lib\staff_app\controllers\hostel_controller.dart:206:7 - Don't invoke 'print' in production code. Try using a logging framework. - avoid_print
   info - lib\staff_app\controllers\hostel_controller.dart:208:9 - Don't invoke 'print' in production code. Try using a logging framework. - avoid_print
   info - lib\staff_app\controllers\hostel_controller.dart:258:7 - Don't invoke 'print' in production code. Try using a logging framework. - avoid_print
   info - lib\staff_app\controllers\hostel_controller.dart:303:7 - Don't invoke 'print' in production code. Try using a logging framework. - avoid_print
   info - lib\staff_app\controllers\hostel_controller.dart:316:7 - Don't invoke 'print' in production code. Try using a logging framework. - avoid_print
   info - lib\staff_app\controllers\hostel_controller.dart:329:7 - Don't invoke 'print' in production code. Try using a logging framework. - avoid_print
   info - lib\staff_app\controllers\outing_controller.dart:156:7 - Don't invoke 'print' in production code. Try using a logging framework. - avoid_print
   info - lib\staff_app\controllers\search_controller.dart:25:7 - Don't invoke 'print' in production code. Try using a logging framework. - avoid_print
   info - lib\staff_app\controllers\search_controller.dart:29:11 - Don't invoke 'print' in production code. Try using a logging framework. - avoid_print
   info - lib\staff_app\controllers\search_controller.dart:32:9 - Don't invoke 'print' in production code. Try using a logging framework. - avoid_print
   info - lib\staff_app\get_student_pages\student_month_attendance_page.dart:132:24 - 'withOpacity' is deprecated and shouldn't be used. Use .withValues() to avoid precision loss. Try replacing the use of the deprecated member with the replacement. - deprecated_member_use
   info - lib\staff_app\model\DepartmentModel.dart:1:1 - The file name 'DepartmentModel.dart' isn't a lower_case_with_underscores identifier. Try changing the name to follow the lower_case_with_underscores style. - file_names
   info - lib\staff_app\model\OutingInfo.dart:1:1 - The file name 'OutingInfo.dart' isn't a lower_case_with_underscores identifier. Try changing the name to follow the lower_case_with_underscores style. - file_names
   info - lib\staff_app\model\branch_model.dart:11:7 - Missing type annotation. Try adding a type annotation. - strict_top_level_inference
   info - lib\staff_app\pages\ClassAttendancePage.dart:1:1 - The file name 'ClassAttendancePage.dart' isn't a lower_case_with_underscores identifier. Try changing the name to follow the lower_case_with_underscores style. - file_names
   info - lib\staff_app\pages\ClassAttendancePage.dart:1038:43 - 'withOpacity' is deprecated and shouldn't be used. Use .withValues() to avoid precision loss. Try replacing the use of the deprecated member with the replacement. - deprecated_member_use
   info - lib\staff_app\pages\ClassAttendancePage.dart:1179:35 - 'withOpacity' is deprecated and shouldn't be used. Use .withValues() to avoid precision loss. Try replacing the use of the deprecated member with the replacement. - deprecated_member_use
   info - lib\staff_app\pages\ClassAttendancePage.dart:1201:34 - 'withOpacity' is deprecated and shouldn't be used. Use .withValues() to avoid precision loss. Try replacing the use of the deprecated member with the replacement. - deprecated_member_use
   info - lib\staff_app\pages\ClassAttendancePage.dart:1240:48 - 'withOpacity' is deprecated and shouldn't be used. Use .withValues() to avoid precision loss. Try replacing the use of the deprecated member with the replacement. - deprecated_member_use
   info - lib\staff_app\pages\ClassAttendancePage.dart:1432:39 - 'withOpacity' is deprecated and shouldn't be used. Use .withValues() to avoid precision loss. Try replacing the use of the deprecated member with the replacement. - deprecated_member_use
   info - lib\staff_app\pages\ClassAttendancePage.dart:1502:46 - 'withOpacity' is deprecated and shouldn't be used. Use .withValues() to avoid precision loss. Try replacing the use of the deprecated member with the replacement. - deprecated_member_use
   info - lib\staff_app\pages\ClassAttendancePage.dart:1630:38 - 'withOpacity' is deprecated and shouldn't be used. Use .withValues() to avoid precision loss. Try replacing the use of the deprecated member with the replacement. - deprecated_member_use
   info - lib\staff_app\pages\ClassAttendancePage.dart:1631:36 - 'withOpacity' is deprecated and shouldn't be used. Use .withValues() to avoid precision loss. Try replacing the use of the deprecated member with the replacement. - deprecated_member_use
   info - lib\staff_app\pages\Room_page.dart:1:1 - The file name 'Room_page.dart' isn't a lower_case_with_underscores identifier. Try changing the name to follow the lower_case_with_underscores style. - file_names
   info - lib\staff_app\pages\Room_page.dart:82:57 - 'withOpacity' is deprecated and shouldn't be used. Use .withValues() to avoid precision loss. Try replacing the use of the deprecated member with the replacement. - deprecated_member_use
   info - lib\staff_app\pages\Room_page.dart:85:41 - 'withOpacity' is deprecated and shouldn't be used. Use .withValues() to avoid precision loss. Try replacing the use of the deprecated member with the replacement. - deprecated_member_use
   info - lib\staff_app\pages\Room_page.dart:107:35 - 'withOpacity' is deprecated and shouldn't be used. Use .withValues() to avoid precision loss. Try replacing the use of the deprecated member with the replacement. - deprecated_member_use
   info - lib\staff_app\pages\Room_page.dart:170:33 - 'withOpacity' is deprecated and shouldn't be used. Use .withValues() to avoid precision loss. Try replacing the use of the deprecated member with the replacement. - deprecated_member_use
   info - lib\staff_app\pages\Staff_Attendance_Page.dart:1:1 - The file name 'Staff_Attendance_Page.dart' isn't a lower_case_with_underscores identifier. Try changing the name to follow the lower_case_with_underscores style. - file_names
   info - lib\staff_app\pages\Staff_Attendance_Page.dart:83:56 - 'withOpacity' is deprecated and shouldn't be used. Use .withValues() to avoid precision loss. Try replacing the use of the deprecated member with the replacement. - deprecated_member_use
   info - lib\staff_app\pages\Staff_Attendance_Page.dart:115:39 - 'withOpacity' is deprecated and shouldn't be used. Use .withValues() to avoid precision loss. Try replacing the use of the deprecated member with the replacement. - deprecated_member_use
   info - lib\staff_app\pages\Staff_Attendance_Page.dart:135:52 - 'withOpacity' is deprecated and shouldn't be used. Use .withValues() to avoid precision loss. Try replacing the use of the deprecated member with the replacement. - deprecated_member_use
   info - lib\staff_app\pages\Staff_Attendance_Page.dart:139:53 - 'withOpacity' is deprecated and shouldn't be used. Use .withValues() to avoid precision loss. Try replacing the use of the deprecated member with the replacement. - deprecated_member_use
   info - lib\staff_app\pages\Staff_Attendance_Page.dart:224:33 - 'withOpacity' is deprecated and shouldn't be used. Use .withValues() to avoid precision loss. Try replacing the use of the deprecated member with the replacement. - deprecated_member_use
   info - lib\staff_app\pages\Staff_Attendance_Page.dart:293:60 - 'withOpacity' is deprecated and shouldn't be used. Use .withValues() to avoid precision loss. Try replacing the use of the deprecated member with the replacement. - deprecated_member_use
   info - lib\staff_app\pages\Staff_Attendance_Page.dart:296:45 - 'withOpacity' is deprecated and shouldn't be used. Use .withValues() to avoid precision loss. Try replacing the use of the deprecated member with the replacement. - deprecated_member_use
   info - lib\staff_app\pages\Staff_Attendance_Page.dart:316:57 - 'withOpacity' is deprecated and shouldn't be used. Use .withValues() to avoid precision loss. Try replacing the use of the deprecated member with the replacement. - deprecated_member_use
   info - lib\staff_app\pages\Staff_Attendance_Page.dart:317:57 - 'withOpacity' is deprecated and shouldn't be used. Use .withValues() to avoid precision loss. Try replacing the use of the deprecated member with the replacement. - deprecated_member_use
   info - lib\staff_app\pages\Staff_Attendance_Page.dart:363:26 - 'withOpacity' is deprecated and shouldn't be used. Use .withValues() to avoid precision loss. Try replacing the use of the deprecated member with the replacement. - deprecated_member_use
   info - lib\staff_app\pages\Staff_Attendance_Page.dart:402:32 - 'withOpacity' is deprecated and shouldn't be used. Use .withValues() to avoid precision loss. Try replacing the use of the deprecated member with the replacement. - deprecated_member_use
   info - lib\staff_app\pages\add_floor_page.dart:44:43 - 'withOpacity' is deprecated and shouldn't be used. Use .withValues() to avoid precision loss. Try replacing the use of the deprecated member with the replacement. - deprecated_member_use
   info - lib\staff_app\pages\add_floor_page.dart:48:49 - 'withOpacity' is deprecated and shouldn't be used. Use .withValues() to avoid precision loss. Try replacing the use of the deprecated member with the replacement. - deprecated_member_use
   info - lib\staff_app\pages\add_floor_page.dart:111:55 - 'withOpacity' is deprecated and shouldn't be used. Use .withValues() to avoid precision loss. Try replacing the use of the deprecated member with the replacement. - deprecated_member_use
   info - lib\staff_app\pages\add_floor_page.dart:124:67 - 'withOpacity' is deprecated and shouldn't be used. Use .withValues() to avoid precision loss. Try replacing the use of the deprecated member with the replacement. - deprecated_member_use
   info - lib\staff_app\pages\add_floor_page.dart:196:48 - 'withOpacity' is deprecated and shouldn't be used. Use .withValues() to avoid precision loss. Try replacing the use of the deprecated member with the replacement. - deprecated_member_use
   info - lib\staff_app\pages\add_floor_page.dart:199:33 - 'withOpacity' is deprecated and shouldn't be used. Use .withValues() to avoid precision loss. Try replacing the use of the deprecated member with the replacement. - deprecated_member_use
   info - lib\staff_app\pages\add_floor_page.dart:239:48 - 'withOpacity' is deprecated and shouldn't be used. Use .withValues() to avoid precision loss. Try replacing the use of the deprecated member with the replacement. - deprecated_member_use
   info - lib\staff_app\pages\add_floor_page.dart:242:33 - 'withOpacity' is deprecated and shouldn't be used. Use .withValues() to avoid precision loss. Try replacing the use of the deprecated member with the replacement. - deprecated_member_use
   info - lib\staff_app\pages\add_hostel_attendance_page.dart:372:47 - 'withOpacity' is deprecated and shouldn't be used. Use .withValues() to avoid precision loss. Try replacing the use of the deprecated member with the replacement. - deprecated_member_use
   info - lib\staff_app\pages\add_hostel_attendance_page.dart:375:33 - 'withOpacity' is deprecated and shouldn't be used. Use .withValues() to avoid precision loss. Try replacing the use of the deprecated member with the replacement. - deprecated_member_use
   info - lib\staff_app\pages\add_hostel_attendance_page.dart:434:35 - 'withOpacity' is deprecated and shouldn't be used. Use .withValues() to avoid precision loss. Try replacing the use of the deprecated member with the replacement. - deprecated_member_use
   info - lib\staff_app\pages\add_hostel_attendance_page.dart:477:37 - 'withOpacity' is deprecated and shouldn't be used. Use .withValues() to avoid precision loss. Try replacing the use of the deprecated member with the replacement. - deprecated_member_use
   info - lib\staff_app\pages\add_hostel_attendance_page.dart:510:36 - 'withOpacity' is deprecated and shouldn't be used. Use .withValues() to avoid precision loss. Try replacing the use of the deprecated member with the replacement. - deprecated_member_use
   info - lib\staff_app\pages\add_hostel_attendance_page.dart:609:33 - 'withOpacity' is deprecated and shouldn't be used. Use .withValues() to avoid precision loss. Try replacing the use of the deprecated member with the replacement. - deprecated_member_use
   info - lib\staff_app\pages\add_hostel_attendance_page.dart:625:35 - 'withOpacity' is deprecated and shouldn't be used. Use .withValues() to avoid precision loss. Try replacing the use of the deprecated member with the replacement. - deprecated_member_use
   info - lib\staff_app\pages\add_hostel_members_page.dart:71:43 - 'withOpacity' is deprecated and shouldn't be used. Use .withValues() to avoid precision loss. Try replacing the use of the deprecated member with the replacement. - deprecated_member_use
   info - lib\staff_app\pages\add_hostel_members_page.dart:203:56 - 'withOpacity' is deprecated and shouldn't be used. Use .withValues() to avoid precision loss. Try replacing the use of the deprecated member with the replacement. - deprecated_member_use
   info - lib\staff_app\pages\add_hostel_members_page.dart:417:48 - 'withOpacity' is deprecated and shouldn't be used. Use .withValues() to avoid precision loss. Try replacing the use of the deprecated member with the replacement. - deprecated_member_use
   info - lib\staff_app\pages\add_hostel_page.dart:44:43 - 'withOpacity' is deprecated and shouldn't be used. Use .withValues() to avoid precision loss. Try replacing the use of the deprecated member with the replacement. - deprecated_member_use
   info - lib\staff_app\pages\add_hostel_page.dart:48:49 - 'withOpacity' is deprecated and shouldn't be used. Use .withValues() to avoid precision loss. Try replacing the use of the deprecated member with the replacement. - deprecated_member_use
   info - lib\staff_app\pages\add_hostel_page.dart:116:55 - 'withOpacity' is deprecated and shouldn't be used. Use .withValues() to avoid precision loss. Try replacing the use of the deprecated member with the replacement. - deprecated_member_use
   info - lib\staff_app\pages\add_hostel_page.dart:196:33 - 'withOpacity' is deprecated and shouldn't be used. Use .withValues() to avoid precision loss. Try replacing the use of the deprecated member with the replacement. - deprecated_member_use
   info - lib\staff_app\pages\add_hostel_page.dart:230:33 - 'withOpacity' is deprecated and shouldn't be used. Use .withValues() to avoid precision loss. Try replacing the use of the deprecated member with the replacement. - deprecated_member_use
   info - lib\staff_app\pages\add_room_page.dart:45:43 - 'withOpacity' is deprecated and shouldn't be used. Use .withValues() to avoid precision loss. Try replacing the use of the deprecated member with the replacement. - deprecated_member_use
   info - lib\staff_app\pages\add_room_page.dart:49:49 - 'withOpacity' is deprecated and shouldn't be used. Use .withValues() to avoid precision loss. Try replacing the use of the deprecated member with the replacement. - deprecated_member_use
   info - lib\staff_app\pages\add_room_page.dart:118:55 - 'withOpacity' is deprecated and shouldn't be used. Use .withValues() to avoid precision loss. Try replacing the use of the deprecated member with the replacement. - deprecated_member_use
   info - lib\staff_app\pages\add_room_page.dart:131:67 - 'withOpacity' is deprecated and shouldn't be used. Use .withValues() to avoid precision loss. Try replacing the use of the deprecated member with the replacement. - deprecated_member_use
   info - lib\staff_app\pages\add_room_page.dart:203:48 - 'withOpacity' is deprecated and shouldn't be used. Use .withValues() to avoid precision loss. Try replacing the use of the deprecated member with the replacement. - deprecated_member_use
   info - lib\staff_app\pages\add_room_page.dart:206:33 - 'withOpacity' is deprecated and shouldn't be used. Use .withValues() to avoid precision loss. Try replacing the use of the deprecated member with the replacement. - deprecated_member_use
   info - lib\staff_app\pages\add_room_page.dart:246:48 - 'withOpacity' is deprecated and shouldn't be used. Use .withValues() to avoid precision loss. Try replacing the use of the deprecated member with the replacement. - deprecated_member_use
   info - lib\staff_app\pages\add_room_page.dart:249:33 - 'withOpacity' is deprecated and shouldn't be used. Use .withValues() to avoid precision loss. Try replacing the use of the deprecated member with the replacement. - deprecated_member_use
   info - lib\staff_app\pages\add_staff_page.dart:33:35 - 'withOpacity' is deprecated and shouldn't be used. Use .withValues() to avoid precision loss. Try replacing the use of the deprecated member with the replacement. - deprecated_member_use
   info - lib\staff_app\pages\add_staff_page.dart:37:41 - 'withOpacity' is deprecated and shouldn't be used. Use .withValues() to avoid precision loss. Try replacing the use of the deprecated member with the replacement. - deprecated_member_use
   info - lib\staff_app\pages\add_staff_page.dart:85:51 - 'withOpacity' is deprecated and shouldn't be used. Use .withValues() to avoid precision loss. Try replacing the use of the deprecated member with the replacement. - deprecated_member_use
   info - lib\staff_app\pages\add_staff_page.dart:143:33 - 'withOpacity' is deprecated and shouldn't be used. Use .withValues() to avoid precision loss. Try replacing the use of the deprecated member with the replacement. - deprecated_member_use
   info - lib\staff_app\pages\add_staff_page.dart:172:33 - 'withOpacity' is deprecated and shouldn't be used. Use .withValues() to avoid precision loss. Try replacing the use of the deprecated member with the replacement. - deprecated_member_use
   info - lib\staff_app\pages\assign_incharge_page.dart:44:43 - 'withOpacity' is deprecated and shouldn't be used. Use .withValues() to avoid precision loss. Try replacing the use of the deprecated member with the replacement. - deprecated_member_use
   info - lib\staff_app\pages\assign_incharge_page.dart:48:49 - 'withOpacity' is deprecated and shouldn't be used. Use .withValues() to avoid precision loss. Try replacing the use of the deprecated member with the replacement. - deprecated_member_use
   info - lib\staff_app\pages\assign_incharge_page.dart:113:55 - 'withOpacity' is deprecated and shouldn't be used. Use .withValues() to avoid precision loss. Try replacing the use of the deprecated member with the replacement. - deprecated_member_use
   info - lib\staff_app\pages\assign_incharge_page.dart:126:67 - 'withOpacity' is deprecated and shouldn't be used. Use .withValues() to avoid precision loss. Try replacing the use of the deprecated member with the replacement. - deprecated_member_use
   info - lib\staff_app\pages\assign_incharge_page.dart:198:48 - 'withOpacity' is deprecated and shouldn't be used. Use .withValues() to avoid precision loss. Try replacing the use of the deprecated member with the replacement. - deprecated_member_use
   info - lib\staff_app\pages\assign_incharge_page.dart:201:33 - 'withOpacity' is deprecated and shouldn't be used. Use .withValues() to avoid precision loss. Try replacing the use of the deprecated member with the replacement. - deprecated_member_use
   info - lib\staff_app\pages\assign_incharge_page.dart:241:48 - 'withOpacity' is deprecated and shouldn't be used. Use .withValues() to avoid precision loss. Try replacing the use of the deprecated member with the replacement. - deprecated_member_use
   info - lib\staff_app\pages\assign_incharge_page.dart:244:33 - 'withOpacity' is deprecated and shouldn't be used. Use .withValues() to avoid precision loss. Try replacing the use of the deprecated member with the replacement. - deprecated_member_use
   info - lib\staff_app\pages\assign_students_page.dart:46:41 - 'withOpacity' is deprecated and shouldn't be used. Use .withValues() to avoid precision loss. Try replacing the use of the deprecated member with the replacement. - deprecated_member_use
   info - lib\staff_app\pages\assign_students_page.dart:50:47 - 'withOpacity' is deprecated and shouldn't be used. Use .withValues() to avoid precision loss. Try replacing the use of the deprecated member with the replacement. - deprecated_member_use
   info - lib\staff_app\pages\assign_students_page.dart:107:53 - 'withOpacity' is deprecated and shouldn't be used. Use .withValues() to avoid precision loss. Try replacing the use of the deprecated member with the replacement. - deprecated_member_use
   info - lib\staff_app\pages\assign_students_page.dart:119:74 - 'withOpacity' is deprecated and shouldn't be used. Use .withValues() to avoid precision loss. Try replacing the use of the deprecated member with the replacement. - deprecated_member_use
   info - lib\staff_app\pages\assign_students_page.dart:186:48 - 'withOpacity' is deprecated and shouldn't be used. Use .withValues() to avoid precision loss. Try replacing the use of the deprecated member with the replacement. - deprecated_member_use
   info - lib\staff_app\pages\assign_students_page.dart:189:33 - 'withOpacity' is deprecated and shouldn't be used. Use .withValues() to avoid precision loss. Try replacing the use of the deprecated member with the replacement. - deprecated_member_use
   info - lib\staff_app\pages\attendance_options_page.dart:139:40 - 'withOpacity' is deprecated and shouldn't be used. Use .withValues() to avoid precision loss. Try replacing the use of the deprecated member with the replacement. - deprecated_member_use
   info - lib\staff_app\pages\attendance_options_page.dart:155:39 - 'withOpacity' is deprecated and shouldn't be used. Use .withValues() to avoid precision loss. Try replacing the use of the deprecated member with the replacement. - deprecated_member_use
   info - lib\staff_app\pages\attendance_options_page.dart:158:41 - 'withOpacity' is deprecated and shouldn't be used. Use .withValues() to avoid precision loss. Try replacing the use of the deprecated member with the replacement. - deprecated_member_use
   info - lib\staff_app\pages\attendance_options_page.dart:171:39 - 'withOpacity' is deprecated and shouldn't be used. Use .withValues() to avoid precision loss. Try replacing the use of the deprecated member with the replacement. - deprecated_member_use
   info - lib\staff_app\pages\attendance_options_page.dart:174:41 - 'withOpacity' is deprecated and shouldn't be used. Use .withValues() to avoid precision loss. Try replacing the use of the deprecated member with the replacement. - deprecated_member_use
   info - lib\staff_app\pages\chat_page.dart:98:50 - 'withOpacity' is deprecated and shouldn't be used. Use .withValues() to avoid precision loss. Try replacing the use of the deprecated member with the replacement. - deprecated_member_use
   info - lib\staff_app\pages\chat_page.dart:125:45 - 'withOpacity' is deprecated and shouldn't be used. Use .withValues() to avoid precision loss. Try replacing the use of the deprecated member with the replacement. - deprecated_member_use
   info - lib\staff_app\pages\chat_page.dart:167:54 - 'withOpacity' is deprecated and shouldn't be used. Use .withValues() to avoid precision loss. Try replacing the use of the deprecated member with the replacement. - deprecated_member_use
   info - lib\staff_app\pages\chat_page.dart:205:33 - 'withOpacity' is deprecated and shouldn't be used. Use .withValues() to avoid precision loss. Try replacing the use of the deprecated member with the replacement. - deprecated_member_use
   info - lib\staff_app\pages\communication_page.dart:94:57 - 'withOpacity' is deprecated and shouldn't be used. Use .withValues() to avoid precision loss. Try replacing the use of the deprecated member with the replacement. - deprecated_member_use
   info - lib\staff_app\pages\communication_page.dart:97:41 - 'withOpacity' is deprecated and shouldn't be used. Use .withValues() to avoid precision loss. Try replacing the use of the deprecated member with the replacement. - deprecated_member_use
   info - lib\staff_app\pages\communication_page.dart:134:35 - 'withOpacity' is deprecated and shouldn't be used. Use .withValues() to avoid precision loss. Try replacing the use of the deprecated member with the replacement. - deprecated_member_use
   info - lib\staff_app\pages\communication_page.dart:141:41 - 'withOpacity' is deprecated and shouldn't be used. Use .withValues() to avoid precision loss. Try replacing the use of the deprecated member with the replacement. - deprecated_member_use
   info - lib\staff_app\pages\communication_page.dart:192:33 - 'withOpacity' is deprecated and shouldn't be used. Use .withValues() to avoid precision loss. Try replacing the use of the deprecated member with the replacement. - deprecated_member_use
   info - lib\staff_app\pages\exam_category_list_page.dart:173:27 - 'withOpacity' is deprecated and shouldn't be used. Use .withValues() to avoid precision loss. Try replacing the use of the deprecated member with the replacement. - deprecated_member_use
   info - lib\staff_app\pages\exam_category_list_page.dart:185:38 - 'withOpacity' is deprecated and shouldn't be used. Use .withValues() to avoid precision loss. Try replacing the use of the deprecated member with the replacement. - deprecated_member_use
   info - lib\staff_app\pages\exam_category_list_page.dart:223:16 - Unnecessary use of 'toList' in a spread. Try removing the invocation of 'toList'. - unnecessary_to_list_in_spreads
   info - lib\staff_app\pages\exam_category_list_page.dart:238:33 - 'withOpacity' is deprecated and shouldn't be used. Use .withValues() to avoid precision loss. Try replacing the use of the deprecated member with the replacement. - deprecated_member_use
   info - lib\staff_app\pages\exam_category_list_page.dart:255:40 - 'withOpacity' is deprecated and shouldn't be used. Use .withValues() to avoid precision loss. Try replacing the use of the deprecated member with the replacement. - deprecated_member_use
   info - lib\staff_app\pages\exam_list_page.dart:44:40 - 'withOpacity' is deprecated and shouldn't be used. Use .withValues() to avoid precision loss. Try replacing the use of the deprecated member with the replacement. - deprecated_member_use
   info - lib\staff_app\pages\exam_list_page.dart:49:41 - 'withOpacity' is deprecated and shouldn't be used. Use .withValues() to avoid precision loss. Try replacing the use of the deprecated member with the replacement. - deprecated_member_use
   info - lib\staff_app\pages\exam_list_page.dart:84:35 - 'withOpacity' is deprecated and shouldn't be used. Use .withValues() to avoid precision loss. Try replacing the use of the deprecated member with the replacement. - deprecated_member_use
   info - lib\staff_app\pages\exam_list_page.dart:90:41 - 'withOpacity' is deprecated and shouldn't be used. Use .withValues() to avoid precision loss. Try replacing the use of the deprecated member with the replacement. - deprecated_member_use
   info - lib\staff_app\pages\exam_list_page.dart:148:33 - 'withOpacity' is deprecated and shouldn't be used. Use .withValues() to avoid precision loss. Try replacing the use of the deprecated member with the replacement. - deprecated_member_use
   info - lib\staff_app\pages\exam_list_page.dart:328:33 - 'withOpacity' is deprecated and shouldn't be used. Use .withValues() to avoid precision loss. Try replacing the use of the deprecated member with the replacement. - deprecated_member_use
   info - lib\staff_app\pages\fee_head_page.dart:74:55 - 'withOpacity' is deprecated and shouldn't be used. Use .withValues() to avoid precision loss. Try replacing the use of the deprecated member with the replacement. - deprecated_member_use
   info - lib\staff_app\pages\fee_head_page.dart:144:47 - 'withOpacity' is deprecated and shouldn't be used. Use .withValues() to avoid precision loss. Try replacing the use of the deprecated member with the replacement. - deprecated_member_use
   info - lib\staff_app\pages\fee_head_page.dart:158:52 - 'withOpacity' is deprecated and shouldn't be used. Use .withValues() to avoid precision loss. Try replacing the use of the deprecated member with the replacement. - deprecated_member_use
   info - lib\staff_app\pages\fee_head_page.dart:218:24 - Missing type annotation. Try adding a type annotation. - strict_top_level_inference
   info - lib\staff_app\pages\fee_head_page.dart:227:33 - 'withOpacity' is deprecated and shouldn't be used. Use .withValues() to avoid precision loss. Try replacing the use of the deprecated member with the replacement. - deprecated_member_use
   info - lib\staff_app\pages\floor_students_page.dart:52:33 - 'withOpacity' is deprecated and shouldn't be used. Use .withValues() to avoid precision loss. Try replacing the use of the deprecated member with the replacement. - deprecated_member_use
   info - lib\staff_app\pages\floor_students_page.dart:69:50 - 'withOpacity' is deprecated and shouldn't be used. Use .withValues() to avoid precision loss. Try replacing the use of the deprecated member with the replacement. - deprecated_member_use
   info - lib\staff_app\pages\floor_students_page.dart:73:41 - 'withOpacity' is deprecated and shouldn't be used. Use .withValues() to avoid precision loss. Try replacing the use of the deprecated member with the replacement. - deprecated_member_use
   info - lib\staff_app\pages\floor_students_page.dart:142:33 - 'withOpacity' is deprecated and shouldn't be used. Use .withValues() to avoid precision loss. Try replacing the use of the deprecated member with the replacement. - deprecated_member_use
   info - lib\staff_app\pages\floors_page.dart:75:50 - 'withOpacity' is deprecated and shouldn't be used. Use .withValues() to avoid precision loss. Try replacing the use of the deprecated member with the replacement. - deprecated_member_use
   info - lib\staff_app\pages\floors_page.dart:79:41 - 'withOpacity' is deprecated and shouldn't be used. Use .withValues() to avoid precision loss. Try replacing the use of the deprecated member with the replacement. - deprecated_member_use
   info - lib\staff_app\pages\floors_page.dart:234:33 - 'withOpacity' is deprecated and shouldn't be used. Use .withValues() to avoid precision loss. Try replacing the use of the deprecated member with the replacement. - deprecated_member_use
   info - lib\staff_app\pages\floors_page.dart:294:33 - 'withOpacity' is deprecated and shouldn't be used. Use .withValues() to avoid precision loss. Try replacing the use of the deprecated member with the replacement. - deprecated_member_use
   info - lib\staff_app\pages\floors_page.dart:320:50 - 'withOpacity' is deprecated and shouldn't be used. Use .withValues() to avoid precision loss. Try replacing the use of the deprecated member with the replacement. - deprecated_member_use
   info - lib\staff_app\pages\floors_page.dart:672:47 - 'withOpacity' is deprecated and shouldn't be used. Use .withValues() to avoid precision loss. Try replacing the use of the deprecated member with the replacement. - deprecated_member_use
   info - lib\staff_app\pages\floors_page.dart:692:47 - 'withOpacity' is deprecated and shouldn't be used. Use .withValues() to avoid precision loss. Try replacing the use of the deprecated member with the replacement. - deprecated_member_use
   info - lib\staff_app\pages\home_dashboard_page.dart:333:43 - 'withOpacity' is deprecated and shouldn't be used. Use .withValues() to avoid precision loss. Try replacing the use of the deprecated member with the replacement. - deprecated_member_use
   info - lib\staff_app\pages\home_dashboard_page.dart:335:62 - 'withOpacity' is deprecated and shouldn't be used. Use .withValues() to avoid precision loss. Try replacing the use of the deprecated member with the replacement. - deprecated_member_use
   info - lib\staff_app\pages\home_dashboard_page.dart:405:47 - 'withOpacity' is deprecated and shouldn't be used. Use .withValues() to avoid precision loss. Try replacing the use of the deprecated member with the replacement. - deprecated_member_use
   info - lib\staff_app\pages\home_dashboard_page.dart:409:51 - 'withOpacity' is deprecated and shouldn't be used. Use .withValues() to avoid precision loss. Try replacing the use of the deprecated member with the replacement. - deprecated_member_use
   info - lib\staff_app\pages\home_dashboard_page.dart:557:48 - 'withOpacity' is deprecated and shouldn't be used. Use .withValues() to avoid precision loss. Try replacing the use of the deprecated member with the replacement. - deprecated_member_use
   info - lib\staff_app\pages\home_dashboard_page.dart:598:32 - 'withOpacity' is deprecated and shouldn't be used. Use .withValues() to avoid precision loss. Try replacing the use of the deprecated member with the replacement. - deprecated_member_use
   info - lib\staff_app\pages\home_dashboard_page.dart:614:37 - 'withOpacity' is deprecated and shouldn't be used. Use .withValues() to avoid precision loss. Try replacing the use of the deprecated member with the replacement. - deprecated_member_use
   info - lib\staff_app\pages\home_dashboard_page.dart:659:41 - 'withOpacity' is deprecated and shouldn't be used. Use .withValues() to avoid precision loss. Try replacing the use of the deprecated member with the replacement. - deprecated_member_use
   info - lib\staff_app\pages\home_dashboard_page.dart:956:41 - 'withOpacity' is deprecated and shouldn't be used. Use .withValues() to avoid precision loss. Try replacing the use of the deprecated member with the replacement. - deprecated_member_use
   info - lib\staff_app\pages\hostel_attendance_View_page.dart:1:1 - The file name 'hostel_attendance_View_page.dart' isn't a lower_case_with_underscores identifier. Try changing the name to follow the lower_case_with_underscores style. - file_names
   info - lib\staff_app\pages\hostel_attendance_View_page.dart:269:34 - 'withOpacity' is deprecated and shouldn't be used. Use .withValues() to avoid precision loss. Try replacing the use of the deprecated member with the replacement. - deprecated_member_use
   info - lib\staff_app\pages\hostel_attendance_View_page.dart:274:37 - 'withOpacity' is deprecated and shouldn't be used. Use .withValues() to avoid precision loss. Try replacing the use of the deprecated member with the replacement. - deprecated_member_use
   info - lib\staff_app\pages\hostel_attendance_View_page.dart:355:36 - 'withOpacity' is deprecated and shouldn't be used. Use .withValues() to avoid precision loss. Try replacing the use of the deprecated member with the replacement. - deprecated_member_use
   info - lib\staff_app\pages\hostel_attendance_View_page.dart:360:39 - 'withOpacity' is deprecated and shouldn't be used. Use .withValues() to avoid precision loss. Try replacing the use of the deprecated member with the replacement. - deprecated_member_use
   info - lib\staff_app\pages\hostel_attendance_View_page.dart:470:59 - 'withOpacity' is deprecated and shouldn't be used. Use .withValues() to avoid precision loss. Try replacing the use of the deprecated member with the replacement. - deprecated_member_use
   info - lib\staff_app\pages\hostel_attendance_View_page.dart:485:41 - 'withOpacity' is deprecated and shouldn't be used. Use .withValues() to avoid precision loss. Try replacing the use of the deprecated member with the replacement. - deprecated_member_use
   info - lib\staff_app\pages\hostel_attendance_View_page.dart:556:41 - 'withOpacity' is deprecated and shouldn't be used. Use .withValues() to avoid precision loss. Try replacing the use of the deprecated member with the replacement. - deprecated_member_use
   info - lib\staff_app\pages\hostel_attendance_grid_page.dart:126:43 - 'withOpacity' is deprecated and shouldn't be used. Use .withValues() to avoid precision loss. Try replacing the use of the deprecated member with the replacement. - deprecated_member_use
   info - lib\staff_app\pages\hostel_attendance_mark_page.dart:192:33 - 'withOpacity' is deprecated and shouldn't be used. Use .withValues() to avoid precision loss. Try replacing the use of the deprecated member with the replacement. - deprecated_member_use
   info - lib\staff_app\pages\hostel_attendance_result_page.dart:90:49 - 'withOpacity' is deprecated and shouldn't be used. Use .withValues() to avoid precision loss. Try replacing the use of the deprecated member with the replacement. - deprecated_member_use
   info - lib\staff_app\pages\hostel_attendance_result_page.dart:227:33 - 'withOpacity' is deprecated and shouldn't be used. Use .withValues() to avoid precision loss. Try replacing the use of the deprecated member with the replacement. - deprecated_member_use
   info - lib\staff_app\pages\hostel_attendance_result_page.dart:278:38 - 'withOpacity' is deprecated and shouldn't be used. Use .withValues() to avoid precision loss. Try replacing the use of the deprecated member with the replacement. - deprecated_member_use
   info - lib\staff_app\pages\hostel_attendance_result_page.dart:383:24 - 'withOpacity' is deprecated and shouldn't be used. Use .withValues() to avoid precision loss. Try replacing the use of the deprecated member with the replacement. - deprecated_member_use
   info - lib\staff_app\pages\hostel_attendance_status_page.dart:98:33 - 'withOpacity' is deprecated and shouldn't be used. Use .withValues() to avoid precision loss. Try replacing the use of the deprecated member with the replacement. - deprecated_member_use
   info - lib\staff_app\pages\hostel_attendance_status_page.dart:140:63 - 'withOpacity' is deprecated and shouldn't be used. Use .withValues() to avoid precision loss. Try replacing the use of the deprecated member with the replacement. - deprecated_member_use
   info - lib\staff_app\pages\hostel_attendance_status_page.dart:273:43 - 'withOpacity' is deprecated and shouldn't be used. Use .withValues() to avoid precision loss. Try replacing the use of the deprecated member with the replacement. - deprecated_member_use
   info - lib\staff_app\pages\hostel_list_page.dart:79:37 - 'withOpacity' is deprecated and shouldn't be used. Use .withValues() to avoid precision loss. Try replacing the use of the deprecated member with the replacement. - deprecated_member_use
   info - lib\staff_app\pages\hostel_list_page.dart:139:48 - 'withOpacity' is deprecated and shouldn't be used. Use .withValues() to avoid precision loss. Try replacing the use of the deprecated member with the replacement. - deprecated_member_use
   info - lib\staff_app\pages\hostel_list_page.dart:142:33 - 'withOpacity' is deprecated and shouldn't be used. Use .withValues() to avoid precision loss. Try replacing the use of the deprecated member with the replacement. - deprecated_member_use
   info - lib\staff_app\pages\hostel_members_page.dart:112:57 - 'withOpacity' is deprecated and shouldn't be used. Use .withValues() to avoid precision loss. Try replacing the use of the deprecated member with the replacement. - deprecated_member_use
   info - lib\staff_app\pages\hostel_members_page.dart:113:57 - 'withOpacity' is deprecated and shouldn't be used. Use .withValues() to avoid precision loss. Try replacing the use of the deprecated member with the replacement. - deprecated_member_use
   info - lib\staff_app\pages\hostel_members_page.dart:157:37 - 'withOpacity' is deprecated and shouldn't be used. Use .withValues() to avoid precision loss. Try replacing the use of the deprecated member with the replacement. - deprecated_member_use
   info - lib\staff_app\pages\hostel_members_page.dart:170:50 - 'withOpacity' is deprecated and shouldn't be used. Use .withValues() to avoid precision loss. Try replacing the use of the deprecated member with the replacement. - deprecated_member_use
   info - lib\staff_app\pages\hostel_members_page.dart:174:51 - 'withOpacity' is deprecated and shouldn't be used. Use .withValues() to avoid precision loss. Try replacing the use of the deprecated member with the replacement. - deprecated_member_use
   info - lib\staff_app\pages\hostel_members_page.dart:285:33 - 'withOpacity' is deprecated and shouldn't be used. Use .withValues() to avoid precision loss. Try replacing the use of the deprecated member with the replacement. - deprecated_member_use
   info - lib\staff_app\pages\hostel_members_page.dart:403:53 - 'withOpacity' is deprecated and shouldn't be used. Use .withValues() to avoid precision loss. Try replacing the use of the deprecated member with the replacement. - deprecated_member_use
   info - lib\staff_app\pages\hostel_members_page.dart:888:48 - 'withOpacity' is deprecated and shouldn't be used. Use .withValues() to avoid precision loss. Try replacing the use of the deprecated member with the replacement. - deprecated_member_use
   info - lib\staff_app\pages\issue_outing.dart:91:7 - The 'if' statement could be replaced by a null-aware assignment. Try using the '??=' operator to conditionally assign a value. - prefer_conditional_assignment
   info - lib\staff_app\pages\issue_outing.dart:272:56 - 'withOpacity' is deprecated and shouldn't be used. Use .withValues() to avoid precision loss. Try replacing the use of the deprecated member with the replacement. - deprecated_member_use
   info - lib\staff_app\pages\issue_outing.dart:466:45 - 'withOpacity' is deprecated and shouldn't be used. Use .withValues() to avoid precision loss. Try replacing the use of the deprecated member with the replacement. - deprecated_member_use
   info - lib\staff_app\pages\issue_outing.dart:526:55 - 'withOpacity' is deprecated and shouldn't be used. Use .withValues() to avoid precision loss. Try replacing the use of the deprecated member with the replacement. - deprecated_member_use
   info - lib\staff_app\pages\issue_outing.dart:554:43 - 'withOpacity' is deprecated and shouldn't be used. Use .withValues() to avoid precision loss. Try replacing the use of the deprecated member with the replacement. - deprecated_member_use
   info - lib\staff_app\pages\issue_outing.dart:769:37 - 'withOpacity' is deprecated and shouldn't be used. Use .withValues() to avoid precision loss. Try replacing the use of the deprecated member with the replacement. - deprecated_member_use
   info - lib\staff_app\pages\issue_outing.dart:793:39 - 'withOpacity' is deprecated and shouldn't be used. Use .withValues() to avoid precision loss. Try replacing the use of the deprecated member with the replacement. - deprecated_member_use
   info - lib\staff_app\pages\issue_outing.dart:864:35 - 'withOpacity' is deprecated and shouldn't be used. Use .withValues() to avoid precision loss. Try replacing the use of the deprecated member with the replacement. - deprecated_member_use
   info - lib\staff_app\pages\issue_outing.dart:896:35 - 'withOpacity' is deprecated and shouldn't be used. Use .withValues() to avoid precision loss. Try replacing the use of the deprecated member with the replacement. - deprecated_member_use
   info - lib\staff_app\pages\issue_outing.dart:930:33 - 'withOpacity' is deprecated and shouldn't be used. Use .withValues() to avoid precision loss. Try replacing the use of the deprecated member with the replacement. - deprecated_member_use
   info - lib\staff_app\pages\issue_outing.dart:966:33 - 'withOpacity' is deprecated and shouldn't be used. Use .withValues() to avoid precision loss. Try replacing the use of the deprecated member with the replacement. - deprecated_member_use
   info - lib\staff_app\pages\issue_outing.dart:1108:35 - 'withOpacity' is deprecated and shouldn't be used. Use .withValues() to avoid precision loss. Try replacing the use of the deprecated member with the replacement. - deprecated_member_use
   info - lib\staff_app\pages\login_page.dart:101:49 - 'withOpacity' is deprecated and shouldn't be used. Use .withValues() to avoid precision loss. Try replacing the use of the deprecated member with the replacement. - deprecated_member_use
   info - lib\staff_app\pages\login_page.dart:293:41 - 'withOpacity' is deprecated and shouldn't be used. Use .withValues() to avoid precision loss. Try replacing the use of the deprecated member with the replacement. - deprecated_member_use
   info - lib\staff_app\pages\manage_syllabus_page.dart:53:47 - 'withOpacity' is deprecated and shouldn't be used. Use .withValues() to avoid precision loss. Try replacing the use of the deprecated member with the replacement. - deprecated_member_use
   info - lib\staff_app\pages\non_hostel_page.dart:45:35 - 'withOpacity' is deprecated and shouldn't be used. Use .withValues() to avoid precision loss. Try replacing the use of the deprecated member with the replacement. - deprecated_member_use
   info - lib\staff_app\pages\non_hostel_page.dart:59:48 - 'withOpacity' is deprecated and shouldn't be used. Use .withValues() to avoid precision loss. Try replacing the use of the deprecated member with the replacement. - deprecated_member_use
   info - lib\staff_app\pages\non_hostel_page.dart:136:33 - 'withOpacity' is deprecated and shouldn't be used. Use .withValues() to avoid precision loss. Try replacing the use of the deprecated member with the replacement. - deprecated_member_use
   info - lib\staff_app\pages\outing_list_page.dart:174:32 - 'withOpacity' is deprecated and shouldn't be used. Use .withValues() to avoid precision loss. Try replacing the use of the deprecated member with the replacement. - deprecated_member_use
   info - lib\staff_app\pages\outing_list_page.dart:194:43 - 'withOpacity' is deprecated and shouldn't be used. Use .withValues() to avoid precision loss. Try replacing the use of the deprecated member with the replacement. - deprecated_member_use
   info - lib\staff_app\pages\outing_list_page.dart:209:43 - 'withOpacity' is deprecated and shouldn't be used. Use .withValues() to avoid precision loss. Try replacing the use of the deprecated member with the replacement. - deprecated_member_use
   info - lib\staff_app\pages\outing_list_page.dart:226:47 - 'withOpacity' is deprecated and shouldn't be used. Use .withValues() to avoid precision loss. Try replacing the use of the deprecated member with the replacement. - deprecated_member_use
   info - lib\staff_app\pages\outing_list_page.dart:267:59 - 'withOpacity' is deprecated and shouldn't be used. Use .withValues() to avoid precision loss. Try replacing the use of the deprecated member with the replacement. - deprecated_member_use
   info - lib\staff_app\pages\outing_list_page.dart:445:33 - 'withOpacity' is deprecated and shouldn't be used. Use .withValues() to avoid precision loss. Try replacing the use of the deprecated member with the replacement. - deprecated_member_use
   info - lib\staff_app\pages\outing_list_page.dart:531:30 - 'withOpacity' is deprecated and shouldn't be used. Use .withValues() to avoid precision loss. Try replacing the use of the deprecated member with the replacement. - deprecated_member_use
   info - lib\staff_app\pages\outing_list_page.dart:603:33 - 'withOpacity' is deprecated and shouldn't be used. Use .withValues() to avoid precision loss. Try replacing the use of the deprecated member with the replacement. - deprecated_member_use
   info - lib\staff_app\pages\outing_list_page.dart:749:26 - 'withOpacity' is deprecated and shouldn't be used. Use .withValues() to avoid precision loss. Try replacing the use of the deprecated member with the replacement. - deprecated_member_use
   info - lib\staff_app\pages\outing_list_page.dart:859:34 - 'withOpacity' is deprecated and shouldn't be used. Use .withValues() to avoid precision loss. Try replacing the use of the deprecated member with the replacement. - deprecated_member_use
   info - lib\staff_app\pages\outing_list_page.dart:983:34 - 'withOpacity' is deprecated and shouldn't be used. Use .withValues() to avoid precision loss. Try replacing the use of the deprecated member with the replacement. - deprecated_member_use
   info - lib\staff_app\pages\outing_list_page.dart:1018:50 - 'withOpacity' is deprecated and shouldn't be used. Use .withValues() to avoid precision loss. Try replacing the use of the deprecated member with the replacement. - deprecated_member_use
   info - lib\staff_app\pages\outing_pending_listPage.dart:1:1 - The file name 'outing_pending_listPage.dart' isn't a lower_case_with_underscores identifier. Try changing the name to follow the lower_case_with_underscores style. - file_names
   info - lib\staff_app\pages\outing_pending_listPage.dart:73:59 - 'withOpacity' is deprecated and shouldn't be used. Use .withValues() to avoid precision loss. Try replacing the use of the deprecated member with the replacement. - deprecated_member_use
   info - lib\staff_app\pages\pro_admission_page.dart:253:41 - 'withOpacity' is deprecated and shouldn't be used. Use .withValues() to avoid precision loss. Try replacing the use of the deprecated member with the replacement. - deprecated_member_use
   info - lib\staff_app\pages\pro_admission_page.dart:351:41 - 'withOpacity' is deprecated and shouldn't be used. Use .withValues() to avoid precision loss. Try replacing the use of the deprecated member with the replacement. - deprecated_member_use
   info - lib\staff_app\pages\pro_admission_page.dart:447:43 - 'withOpacity' is deprecated and shouldn't be used. Use .withValues() to avoid precision loss. Try replacing the use of the deprecated member with the replacement. - deprecated_member_use
   info - lib\staff_app\pages\pro_admission_page.dart:505:32 - 'withOpacity' is deprecated and shouldn't be used. Use .withValues() to avoid precision loss. Try replacing the use of the deprecated member with the replacement. - deprecated_member_use
   info - lib\staff_app\pages\pro_admission_page.dart:520:37 - 'withOpacity' is deprecated and shouldn't be used. Use .withValues() to avoid precision loss. Try replacing the use of the deprecated member with the replacement. - deprecated_member_use
   info - lib\staff_app\pages\pro_admission_page.dart:532:37 - 'withOpacity' is deprecated and shouldn't be used. Use .withValues() to avoid precision loss. Try replacing the use of the deprecated member with the replacement. - deprecated_member_use
   info - lib\staff_app\pages\profile_page.dart:1550:51 - 'withOpacity' is deprecated and shouldn't be used. Use .withValues() to avoid precision loss. Try replacing the use of the deprecated member with the replacement. - deprecated_member_use
   info - lib\staff_app\pages\profile_page.dart:1554:53 - 'withOpacity' is deprecated and shouldn't be used. Use .withValues() to avoid precision loss. Try replacing the use of the deprecated member with the replacement. - deprecated_member_use
   info - lib\staff_app\pages\profile_page.dart:1588:55 - 'withOpacity' is deprecated and shouldn't be used. Use .withValues() to avoid precision loss. Try replacing the use of the deprecated member with the replacement. - deprecated_member_use
   info - lib\staff_app\pages\profile_page.dart:1628:49 - 'withOpacity' is deprecated and shouldn't be used. Use .withValues() to avoid precision loss. Try replacing the use of the deprecated member with the replacement. - deprecated_member_use
   info - lib\staff_app\pages\profile_page.dart:2014:37 - 'withOpacity' is deprecated and shouldn't be used. Use .withValues() to avoid precision loss. Try replacing the use of the deprecated member with the replacement. - deprecated_member_use
   info - lib\staff_app\pages\profile_page.dart:2043:33 - 'withOpacity' is deprecated and shouldn't be used. Use .withValues() to avoid precision loss. Try replacing the use of the deprecated member with the replacement. - deprecated_member_use
   info - lib\staff_app\pages\profile_page.dart:2113:41 - 'withOpacity' is deprecated and shouldn't be used. Use .withValues() to avoid precision loss. Try replacing the use of the deprecated member with the replacement. - deprecated_member_use
   info - lib\staff_app\pages\profile_page.dart:2163:35 - 'withOpacity' is deprecated and shouldn't be used. Use .withValues() to avoid precision loss. Try replacing the use of the deprecated member with the replacement. - deprecated_member_use
   info - lib\staff_app\pages\profile_page.dart:2244:41 - 'withOpacity' is deprecated and shouldn't be used. Use .withValues() to avoid precision loss. Try replacing the use of the deprecated member with the replacement. - deprecated_member_use
   info - lib\staff_app\pages\profile_page.dart:2328:38 - 'withOpacity' is deprecated and shouldn't be used. Use .withValues() to avoid precision loss. Try replacing the use of the deprecated member with the replacement. - deprecated_member_use
   info - lib\staff_app\pages\profile_page.dart:2333:35 - 'withOpacity' is deprecated and shouldn't be used. Use .withValues() to avoid precision loss. Try replacing the use of the deprecated member with the replacement. - deprecated_member_use
   info - lib\staff_app\pages\profile_page.dart:2402:41 - 'withOpacity' is deprecated and shouldn't be used. Use .withValues() to avoid precision loss. Try replacing the use of the deprecated member with the replacement. - deprecated_member_use
   info - lib\staff_app\pages\profile_page.dart:2453:35 - 'withOpacity' is deprecated and shouldn't be used. Use .withValues() to avoid precision loss. Try replacing the use of the deprecated member with the replacement. - deprecated_member_use
   info - lib\staff_app\pages\profile_page.dart:2545:43 - 'withOpacity' is deprecated and shouldn't be used. Use .withValues() to avoid precision loss. Try replacing the use of the deprecated member with the replacement. - deprecated_member_use
   info - lib\staff_app\pages\profile_page.dart:2633:39 - 'withOpacity' is deprecated and shouldn't be used. Use .withValues() to avoid precision loss. Try replacing the use of the deprecated member with the replacement. - deprecated_member_use
   info - lib\staff_app\pages\profile_page.dart:2754:39 - 'withOpacity' is deprecated and shouldn't be used. Use .withValues() to avoid precision loss. Try replacing the use of the deprecated member with the replacement. - deprecated_member_use
   info - lib\staff_app\pages\profile_page.dart:2830:25 - Statements in an if should be enclosed in a block. Try wrapping the statement in a block. - curly_braces_in_flow_control_structures
   info - lib\staff_app\pages\profile_page.dart:2836:25 - Statements in an if should be enclosed in a block. Try wrapping the statement in a block. - curly_braces_in_flow_control_structures
   info - lib\staff_app\pages\profile_page.dart:2845:25 - Statements in an if should be enclosed in a block. Try wrapping the statement in a block. - curly_braces_in_flow_control_structures
   info - lib\staff_app\pages\profile_page.dart:2847:25 - Statements in an if should be enclosed in a block. Try wrapping the statement in a block. - curly_braces_in_flow_control_structures
   info - lib\staff_app\pages\profile_page.dart:2890:35 - 'withOpacity' is deprecated and shouldn't be used. Use .withValues() to avoid precision loss. Try replacing the use of the deprecated member with the replacement. - deprecated_member_use
   info - lib\staff_app\pages\splash_page.dart:84:58 - 'withOpacity' is deprecated and shouldn't be used. Use .withValues() to avoid precision loss. Try replacing the use of the deprecated member with the replacement. - deprecated_member_use
   info - lib\staff_app\pages\staff_biometric_logs_page.dart:102:52 - 'withOpacity' is deprecated and shouldn't be used. Use .withValues() to avoid precision loss. Try replacing the use of the deprecated member with the replacement. - deprecated_member_use
   info - lib\staff_app\pages\staff_biometric_logs_page.dart:183:35 - 'withOpacity' is deprecated and shouldn't be used. Use .withValues() to avoid precision loss. Try replacing the use of the deprecated member with the replacement. - deprecated_member_use
   info - lib\staff_app\pages\staff_biometric_logs_page.dart:203:48 - 'withOpacity' is deprecated and shouldn't be used. Use .withValues() to avoid precision loss. Try replacing the use of the deprecated member with the replacement. - deprecated_member_use
   info - lib\staff_app\pages\staff_biometric_logs_page.dart:256:33 - 'withOpacity' is deprecated and shouldn't be used. Use .withValues() to avoid precision loss. Try replacing the use of the deprecated member with the replacement. - deprecated_member_use
   info - lib\staff_app\pages\staff_biometric_logs_page.dart:362:22 - 'withOpacity' is deprecated and shouldn't be used. Use .withValues() to avoid precision loss. Try replacing the use of the deprecated member with the replacement. - deprecated_member_use
   info - lib\staff_app\pages\staff_list_page.dart:75:51 - 'withOpacity' is deprecated and shouldn't be used. Use .withValues() to avoid precision loss. Try replacing the use of the deprecated member with the replacement. - deprecated_member_use
   info - lib\staff_app\pages\staff_list_page.dart:114:39 - 'withOpacity' is deprecated and shouldn't be used. Use .withValues() to avoid precision loss. Try replacing the use of the deprecated member with the replacement. - deprecated_member_use
   info - lib\staff_app\pages\staff_list_page.dart:134:52 - 'withOpacity' is deprecated and shouldn't be used. Use .withValues() to avoid precision loss. Try replacing the use of the deprecated member with the replacement. - deprecated_member_use
   info - lib\staff_app\pages\staff_list_page.dart:138:53 - 'withOpacity' is deprecated and shouldn't be used. Use .withValues() to avoid precision loss. Try replacing the use of the deprecated member with the replacement. - deprecated_member_use
   info - lib\staff_app\pages\staff_list_page.dart:226:43 - 'withOpacity' is deprecated and shouldn't be used. Use .withValues() to avoid precision loss. Try replacing the use of the deprecated member with the replacement. - deprecated_member_use
   info - lib\staff_app\pages\staff_list_page.dart:264:33 - 'withOpacity' is deprecated and shouldn't be used. Use .withValues() to avoid precision loss. Try replacing the use of the deprecated member with the replacement. - deprecated_member_use
   info - lib\staff_app\pages\student_attendance.dart:283:43 - 'withOpacity' is deprecated and shouldn't be used. Use .withValues() to avoid precision loss. Try replacing the use of the deprecated member with the replacement. - deprecated_member_use
   info - lib\staff_app\pages\student_attendance.dart:314:33 - 'withOpacity' is deprecated and shouldn't be used. Use .withValues() to avoid precision loss. Try replacing the use of the deprecated member with the replacement. - deprecated_member_use
   info - lib\staff_app\pages\student_attendance.dart:456:39 - 'withOpacity' is deprecated and shouldn't be used. Use .withValues() to avoid precision loss. Try replacing the use of the deprecated member with the replacement. - deprecated_member_use
   info - lib\staff_app\pages\student_attendance_filter_page.dart:732:33 - 'withOpacity' is deprecated and shouldn't be used. Use .withValues() to avoid precision loss. Try replacing the use of the deprecated member with the replacement. - deprecated_member_use
   info - lib\staff_app\pages\student_attendance_filter_page.dart:859:53 - 'withOpacity' is deprecated and shouldn't be used. Use .withValues() to avoid precision loss. Try replacing the use of the deprecated member with the replacement. - deprecated_member_use
   info - lib\staff_app\pages\student_attendance_filter_page.dart:862:39 - 'withOpacity' is deprecated and shouldn't be used. Use .withValues() to avoid precision loss. Try replacing the use of the deprecated member with the replacement. - deprecated_member_use
   info - lib\staff_app\pages\student_attendance_filter_page.dart:933:35 - 'withOpacity' is deprecated and shouldn't be used. Use .withValues() to avoid precision loss. Try replacing the use of the deprecated member with the replacement. - deprecated_member_use
   info - lib\staff_app\pages\student_attendance_filter_page.dart:1113:34 - 'withOpacity' is deprecated and shouldn't be used. Use .withValues() to avoid precision loss. Try replacing the use of the deprecated member with the replacement. - deprecated_member_use
   info - lib\staff_app\pages\student_attendance_view_page.dart:25:35 - 'withOpacity' is deprecated and shouldn't be used. Use .withValues() to avoid precision loss. Try replacing the use of the deprecated member with the replacement. - deprecated_member_use
   info - lib\staff_app\pages\student_details_page.dart:188:52 - 'withOpacity' is deprecated and shouldn't be used. Use .withValues() to avoid precision loss. Try replacing the use of the deprecated member with the replacement. - deprecated_member_use
   info - lib\staff_app\pages\student_details_page.dart:191:37 - 'withOpacity' is deprecated and shouldn't be used. Use .withValues() to avoid precision loss. Try replacing the use of the deprecated member with the replacement. - deprecated_member_use
   info - lib\staff_app\pages\student_details_page.dart:230:50 - 'withOpacity' is deprecated and shouldn't be used. Use .withValues() to avoid precision loss. Try replacing the use of the deprecated member with the replacement. - deprecated_member_use
   info - lib\staff_app\pages\student_details_page.dart:254:39 - 'withOpacity' is deprecated and shouldn't be used. Use .withValues() to avoid precision loss. Try replacing the use of the deprecated member with the replacement. - deprecated_member_use
   info - lib\staff_app\pages\student_details_page.dart:282:33 - 'withOpacity' is deprecated and shouldn't be used. Use .withValues() to avoid precision loss. Try replacing the use of the deprecated member with the replacement. - deprecated_member_use
   info - lib\staff_app\pages\student_details_page.dart:324:33 - 'withOpacity' is deprecated and shouldn't be used. Use .withValues() to avoid precision loss. Try replacing the use of the deprecated member with the replacement. - deprecated_member_use
   info - lib\staff_app\pages\student_details_page.dart:371:33 - 'withOpacity' is deprecated and shouldn't be used. Use .withValues() to avoid precision loss. Try replacing the use of the deprecated member with the replacement. - deprecated_member_use
   info - lib\staff_app\pages\subject_marks_upload_page.dart:106:43 - 'withOpacity' is deprecated and shouldn't be used. Use .withValues() to avoid precision loss. Try replacing the use of the deprecated member with the replacement. - deprecated_member_use
   info - lib\staff_app\pages\subject_marks_upload_page.dart:266:43 - 'withOpacity' is deprecated and shouldn't be used. Use .withValues() to avoid precision loss. Try replacing the use of the deprecated member with the replacement. - deprecated_member_use
   info - lib\staff_app\pages\subject_marks_upload_page.dart:294:41 - 'withOpacity' is deprecated and shouldn't be used. Use .withValues() to avoid precision loss. Try replacing the use of the deprecated member with the replacement. - deprecated_member_use
   info - lib\staff_app\pages\syllabus_details_page.dart:39:47 - 'withOpacity' is deprecated and shouldn't be used. Use .withValues() to avoid precision loss. Try replacing the use of the deprecated member with the replacement. - deprecated_member_use
   info - lib\staff_app\pages\syllabus_page.dart:90:33 - 'withOpacity' is deprecated and shouldn't be used. Use .withValues() to avoid precision loss. Try replacing the use of the deprecated member with the replacement. - deprecated_member_use
   info - lib\staff_app\pages\take_staff_attendance_page.dart:100:52 - 'withOpacity' is deprecated and shouldn't be used. Use .withValues() to avoid precision loss. Try replacing the use of the deprecated member with the replacement. - deprecated_member_use
   info - lib\staff_app\pages\take_staff_attendance_page.dart:187:35 - 'withOpacity' is deprecated and shouldn't be used. Use .withValues() to avoid precision loss. Try replacing the use of the deprecated member with the replacement. - deprecated_member_use
   info - lib\staff_app\pages\take_staff_attendance_page.dart:207:48 - 'withOpacity' is deprecated and shouldn't be used. Use .withValues() to avoid precision loss. Try replacing the use of the deprecated member with the replacement. - deprecated_member_use
   info - lib\staff_app\pages\take_staff_attendance_page.dart:211:49 - 'withOpacity' is deprecated and shouldn't be used. Use .withValues() to avoid precision loss. Try replacing the use of the deprecated member with the replacement. - deprecated_member_use
   info - lib\staff_app\pages\take_staff_attendance_page.dart:285:33 - 'withOpacity' is deprecated and shouldn't be used. Use .withValues() to avoid precision loss. Try replacing the use of the deprecated member with the replacement. - deprecated_member_use
   info - lib\staff_app\pages\take_staff_attendance_page.dart:319:37 - 'withOpacity' is deprecated and shouldn't be used. Use .withValues() to avoid precision loss. Try replacing the use of the deprecated member with the replacement. - deprecated_member_use
   info - lib\staff_app\pages\take_staff_attendance_page.dart:349:33 - 'withOpacity' is deprecated and shouldn't be used. Use .withValues() to avoid precision loss. Try replacing the use of the deprecated member with the replacement. - deprecated_member_use
   info - lib\staff_app\pages\take_staff_attendance_page.dart:399:52 - 'withOpacity' is deprecated and shouldn't be used. Use .withValues() to avoid precision loss. Try replacing the use of the deprecated member with the replacement. - deprecated_member_use
   info - lib\staff_app\pages\verify_attendance_page.dart:186:49 - 'withOpacity' is deprecated and shouldn't be used. Use .withValues() to avoid precision loss. Try replacing the use of the deprecated member with the replacement. - deprecated_member_use
   info - lib\staff_app\pages\verify_attendance_page.dart:282:37 - 'withOpacity' is deprecated and shouldn't be used. Use .withValues() to avoid precision loss. Try replacing the use of the deprecated member with the replacement. - deprecated_member_use
   info - lib\staff_app\pages\verify_attendance_page.dart:334:35 - 'withOpacity' is deprecated and shouldn't be used. Use .withValues() to avoid precision loss. Try replacing the use of the deprecated member with the replacement. - deprecated_member_use
   info - lib\staff_app\pages\verify_attendance_page.dart:425:33 - 'withOpacity' is deprecated and shouldn't be used. Use .withValues() to avoid precision loss. Try replacing the use of the deprecated member with the replacement. - deprecated_member_use
   info - lib\staff_app\pages\verify_attendance_page.dart:576:41 - 'withOpacity' is deprecated and shouldn't be used. Use .withValues() to avoid precision loss. Try replacing the use of the deprecated member with the replacement. - deprecated_member_use
   info - lib\staff_app\pages\verify_outing_page.dart:288:49 - 'withOpacity' is deprecated and shouldn't be used. Use .withValues() to avoid precision loss. Try replacing the use of the deprecated member with the replacement. - deprecated_member_use
   info - lib\staff_app\pages\verify_outing_page.dart:389:25 - Don't use 'BuildContext's across async gaps. Try rewriting the code to not use the 'BuildContext', or guard the use with a 'mounted' check. - use_build_context_synchronously
   info - lib\staff_app\pages\verify_outing_page.dart:418:48 - 'withOpacity' is deprecated and shouldn't be used. Use .withValues() to avoid precision loss. Try replacing the use of the deprecated member with the replacement. - deprecated_member_use
   info - lib\staff_app\pages\verify_outing_page.dart:526:9 - Don't use 'BuildContext's across async gaps. Try rewriting the code to not use the 'BuildContext', or guard the use with a 'mounted' check. - use_build_context_synchronously
   info - lib\staff_app\widgets\section_card.dart:27:28 - 'withOpacity' is deprecated and shouldn't be used. Use .withValues() to avoid precision loss. Try replacing the use of the deprecated member with the replacement. - deprecated_member_use
   info - lib\staff_app\widgets\section_card.dart:34:28 - 'withOpacity' is deprecated and shouldn't be used. Use .withValues() to avoid precision loss. Try replacing the use of the deprecated member with the replacement. - deprecated_member_use
   info - lib\staff_app\widgets\section_card.dart:45:45 - 'withOpacity' is deprecated and shouldn't be used. Use .withValues() to avoid precision loss. Try replacing the use of the deprecated member with the replacement. - deprecated_member_use
   info - lib\staff_app\widgets\section_card.dart:65:43 - 'withOpacity' is deprecated and shouldn't be used. Use .withValues() to avoid precision loss. Try replacing the use of the deprecated member with the replacement. - deprecated_member_use
   info - lib\staff_app\widgets\simple_table.dart:18:28 - 'MaterialStateProperty' is deprecated and shouldn't be used. Use WidgetStateProperty instead. Moved to the Widgets layer to make code available outside of Material. This feature was deprecated after v3.19.0-0.3.pre. Try replacing the use of the deprecated member with the replacement. - deprecated_member_use
   info - lib\staff_app\widgets\skeleton.dart:110:30 - 'withOpacity' is deprecated and shouldn't be used. Use .withValues() to avoid precision loss. Try replacing the use of the deprecated member with the replacement. - deprecated_member_use
   info - lib\staff_app\widgets\skeleton.dart:131:26 - 'withOpacity' is deprecated and shouldn't be used. Use .withValues() to avoid precision loss. Try replacing the use of the deprecated member with the replacement. - deprecated_member_use
   info - lib\staff_app\widgets\skeleton.dart:148:38 - 'withOpacity' is deprecated and shouldn't be used. Use .withValues() to avoid precision loss. Try replacing the use of the deprecated member with the replacement. - deprecated_member_use
   info - lib\staff_app\widgets\skeleton.dart:163:38 - 'withOpacity' is deprecated and shouldn't be used. Use .withValues() to avoid precision loss. Try replacing the use of the deprecated member with the replacement. - deprecated_member_use
   info - lib\staff_app\widgets\skeleton.dart:178:40 - 'withOpacity' is deprecated and shouldn't be used. Use .withValues() to avoid precision loss. Try replacing the use of the deprecated member with the replacement. - deprecated_member_use
   info - lib\staff_app\widgets\skeleton.dart:187:40 - 'withOpacity' is deprecated and shouldn't be used. Use .withValues() to avoid precision loss. Try replacing the use of the deprecated member with the replacement. - deprecated_member_use
   info - lib\staff_app\widgets\skeleton.dart:196:40 - 'withOpacity' is deprecated and shouldn't be used. Use .withValues() to avoid precision loss. Try replacing the use of the deprecated member with the replacement. - deprecated_member_use
   info - lib\staff_app\widgets\skeleton.dart:205:40 - 'withOpacity' is deprecated and shouldn't be used. Use .withValues() to avoid precision loss. Try replacing the use of the deprecated member with the replacement. - deprecated_member_use
   info - lib\staff_app\widgets\skeleton.dart:214:40 - 'withOpacity' is deprecated and shouldn't be used. Use .withValues() to avoid precision loss. Try replacing the use of the deprecated member with the replacement. - deprecated_member_use
   info - lib\staff_app\widgets\staff_bottom_nav_bar.dart:89:30 - 'withOpacity' is deprecated and shouldn't be used. Use .withValues() to avoid precision loss. Try replacing the use of the deprecated member with the replacement. - deprecated_member_use
   info - lib\staff_app\widgets\staff_bottom_nav_bar.dart:98:63 - 'withOpacity' is deprecated and shouldn't be used. Use .withValues() to avoid precision loss. Try replacing the use of the deprecated member with the replacement. - deprecated_member_use
   info - lib\staff_app\widgets\staff_bottom_nav_bar.dart:107:36 - 'withOpacity' is deprecated and shouldn't be used. Use .withValues() to avoid precision loss. Try replacing the use of the deprecated member with the replacement. - deprecated_member_use
   info - lib\staff_app\widgets\staff_header.dart:49:43 - 'withOpacity' is deprecated and shouldn't be used. Use .withValues() to avoid precision loss. Try replacing the use of the deprecated member with the replacement. - deprecated_member_use
   info - lib\staff_app\widgets\success_dialog.dart:34:35 - 'withOpacity' is deprecated and shouldn't be used. Use .withValues() to avoid precision loss. Try replacing the use of the deprecated member with the replacement. - deprecated_member_use
   info - lib\staff_app\widgets\success_dialog.dart:144:60 - 'withOpacity' is deprecated and shouldn't be used. Use .withValues() to avoid precision loss. Try replacing the use of the deprecated member with the replacement. - deprecated_member_use
   info - lib\staff_app\widgets\success_dialog.dart:198:41 - 'withOpacity' is deprecated and shouldn't be used. Use .withValues() to avoid precision loss. Try replacing the use of the deprecated member with the replacement. - deprecated_member_use
   info - lib\staff_app\widgets\success_dialog.dart:202:26 - 'withOpacity' is deprecated and shouldn't be used. Use .withValues() to avoid precision loss. Try replacing the use of the deprecated member with the replacement. - deprecated_member_use
   info - lib\student_app\announcement_page.dart:313:48 - 'withOpacity' is deprecated and shouldn't be used. Use .withValues() to avoid precision loss. Try replacing the use of the deprecated member with the replacement. - deprecated_member_use
   info - lib\student_app\announcement_page.dart:354:43 - 'withOpacity' is deprecated and shouldn't be used. Use .withValues() to avoid precision loss. Try replacing the use of the deprecated member with the replacement. - deprecated_member_use
   info - lib\student_app\announcement_page.dart:361:45 - 'withOpacity' is deprecated and shouldn't be used. Use .withValues() to avoid precision loss. Try replacing the use of the deprecated member with the replacement. - deprecated_member_use
   info - lib\student_app\answer_key_dialog.dart:106:45 - 'withOpacity' is deprecated and shouldn't be used. Use .withValues() to avoid precision loss. Try replacing the use of the deprecated member with the replacement. - deprecated_member_use
   info - lib\student_app\answer_key_dialog.dart:213:39 - 'withOpacity' is deprecated and shouldn't be used. Use .withValues() to avoid precision loss. Try replacing the use of the deprecated member with the replacement. - deprecated_member_use
   info - lib\student_app\answer_key_dialog.dart:226:64 - Unnecessary use of 'toList' in a spread. Try removing the invocation of 'toList'. - unnecessary_to_list_in_spreads
   info - lib\student_app\answer_key_dialog.dart:264:35 - 'withOpacity' is deprecated and shouldn't be used. Use .withValues() to avoid precision loss. Try replacing the use of the deprecated member with the replacement. - deprecated_member_use
   info - lib\student_app\answer_key_dialog.dart:265:35 - 'withOpacity' is deprecated and shouldn't be used. Use .withValues() to avoid precision loss. Try replacing the use of the deprecated member with the replacement. - deprecated_member_use
   info - lib\student_app\attendence_month_details_page.dart:84:30 - Don't use 'BuildContext's across async gaps, guarded by an unrelated 'mounted' check. Guard a 'State.context' use with a 'mounted' check on the State, and other BuildContext use with a 'mounted' check on the BuildContext. - use_build_context_synchronously
   info - lib\student_app\attendence_month_details_page.dart:85:30 - Don't use 'BuildContext's across async gaps, guarded by an unrelated 'mounted' check. Guard a 'State.context' use with a 'mounted' check on the State, and other BuildContext use with a 'mounted' check on the BuildContext. - use_build_context_synchronously
   info - lib\student_app\attendence_month_details_page.dart:103:30 - Don't use 'BuildContext's across async gaps, guarded by an unrelated 'mounted' check. Guard a 'State.context' use with a 'mounted' check on the State, and other BuildContext use with a 'mounted' check on the BuildContext. - use_build_context_synchronously
   info - lib\student_app\attendence_month_details_page.dart:110:30 - Don't use 'BuildContext's across async gaps, guarded by an unrelated 'mounted' check. Guard a 'State.context' use with a 'mounted' check on the State, and other BuildContext use with a 'mounted' check on the BuildContext. - use_build_context_synchronously
   info - lib\student_app\attendence_month_details_page.dart:208:43 - 'withOpacity' is deprecated and shouldn't be used. Use .withValues() to avoid precision loss. Try replacing the use of the deprecated member with the replacement. - deprecated_member_use
   info - lib\student_app\attendence_month_details_page.dart:632:39 - 'withOpacity' is deprecated and shouldn't be used. Use .withValues() to avoid precision loss. Try replacing the use of the deprecated member with the replacement. - deprecated_member_use
   info - lib\student_app\change_password_page.dart:114:43 - 'withOpacity' is deprecated and shouldn't be used. Use .withValues() to avoid precision loss. Try replacing the use of the deprecated member with the replacement. - deprecated_member_use
   info - lib\student_app\change_password_page.dart:280:21 - Statements in an if should be enclosed in a block. Try wrapping the statement in a block. - curly_braces_in_flow_control_structures
   info - lib\student_app\class_attendance_page.dart:409:33 - 'withOpacity' is deprecated and shouldn't be used. Use .withValues() to avoid precision loss. Try replacing the use of the deprecated member with the replacement. - deprecated_member_use
   info - lib\student_app\class_attendance_page.dart:508:33 - 'withOpacity' is deprecated and shouldn't be used. Use .withValues() to avoid precision loss. Try replacing the use of the deprecated member with the replacement. - deprecated_member_use
   info - lib\student_app\class_attendance_page.dart:642:56 - 'withOpacity' is deprecated and shouldn't be used. Use .withValues() to avoid precision loss. Try replacing the use of the deprecated member with the replacement. - deprecated_member_use
   info - lib\student_app\class_attendance_page.dart:666:33 - 'withOpacity' is deprecated and shouldn't be used. Use .withValues() to avoid precision loss. Try replacing the use of the deprecated member with the replacement. - deprecated_member_use
   info - lib\student_app\class_attendance_page.dart:861:33 - 'withOpacity' is deprecated and shouldn't be used. Use .withValues() to avoid precision loss. Try replacing the use of the deprecated member with the replacement. - deprecated_member_use
   info - lib\student_app\class_attendance_page.dart:948:43 - 'withOpacity' is deprecated and shouldn't be used. Use .withValues() to avoid precision loss. Try replacing the use of the deprecated member with the replacement. - deprecated_member_use
   info - lib\student_app\class_attendance_page.dart:1257:33 - 'withOpacity' is deprecated and shouldn't be used. Use .withValues() to avoid precision loss. Try replacing the use of the deprecated member with the replacement. - deprecated_member_use
   info - lib\student_app\dashboard_page.dart:86:35 - 'withOpacity' is deprecated and shouldn't be used. Use .withValues() to avoid precision loss. Try replacing the use of the deprecated member with the replacement. - deprecated_member_use
   info - lib\student_app\dashboard_page.dart:618:33 - 'withOpacity' is deprecated and shouldn't be used. Use .withValues() to avoid precision loss. Try replacing the use of the deprecated member with the replacement. - deprecated_member_use
   info - lib\student_app\dashboard_page.dart:689:52 - 'withOpacity' is deprecated and shouldn't be used. Use .withValues() to avoid precision loss. Try replacing the use of the deprecated member with the replacement. - deprecated_member_use
   info - lib\student_app\documents_page.dart:261:47 - 'withOpacity' is deprecated and shouldn't be used. Use .withValues() to avoid precision loss. Try replacing the use of the deprecated member with the replacement. - deprecated_member_use
   info - lib\student_app\documents_page.dart:343:42 - 'withOpacity' is deprecated and shouldn't be used. Use .withValues() to avoid precision loss. Try replacing the use of the deprecated member with the replacement. - deprecated_member_use
   info - lib\student_app\documents_page.dart:383:47 - 'withOpacity' is deprecated and shouldn't be used. Use .withValues() to avoid precision loss. Try replacing the use of the deprecated member with the replacement. - deprecated_member_use
   info - lib\student_app\documents_page.dart:386:33 - 'withOpacity' is deprecated and shouldn't be used. Use .withValues() to avoid precision loss. Try replacing the use of the deprecated member with the replacement. - deprecated_member_use
   info - lib\student_app\edit_profile_page.dart:173:37 - 'withOpacity' is deprecated and shouldn't be used. Use .withValues() to avoid precision loss. Try replacing the use of the deprecated member with the replacement. - deprecated_member_use
   info - lib\student_app\edit_profile_page.dart:221:42 - 'withOpacity' is deprecated and shouldn't be used. Use .withValues() to avoid precision loss. Try replacing the use of the deprecated member with the replacement. - deprecated_member_use
   info - lib\student_app\exam_details_dialog_page.dart:28:39 - 'withOpacity' is deprecated and shouldn't be used. Use .withValues() to avoid precision loss. Try replacing the use of the deprecated member with the replacement. - deprecated_member_use
   info - lib\student_app\exam_details_dialog_page.dart:162:25 - 'withOpacity' is deprecated and shouldn't be used. Use .withValues() to avoid precision loss. Try replacing the use of the deprecated member with the replacement. - deprecated_member_use
   info - lib\student_app\exam_details_dialog_page.dart:171:26 - 'withOpacity' is deprecated and shouldn't be used. Use .withValues() to avoid precision loss. Try replacing the use of the deprecated member with the replacement. - deprecated_member_use
   info - lib\student_app\exam_details_dialog_page.dart:180:27 - 'withOpacity' is deprecated and shouldn't be used. Use .withValues() to avoid precision loss. Try replacing the use of the deprecated member with the replacement. - deprecated_member_use
   info - lib\student_app\exam_details_dialog_page.dart:204:38 - 'withOpacity' is deprecated and shouldn't be used. Use .withValues() to avoid precision loss. Try replacing the use of the deprecated member with the replacement. - deprecated_member_use
   info - lib\student_app\exam_details_dialog_page.dart:234:27 - 'withOpacity' is deprecated and shouldn't be used. Use .withValues() to avoid precision loss. Try replacing the use of the deprecated member with the replacement. - deprecated_member_use
   info - lib\student_app\exam_details_dialog_page.dart:307:42 - 'withOpacity' is deprecated and shouldn't be used. Use .withValues() to avoid precision loss. Try replacing the use of the deprecated member with the replacement. - deprecated_member_use
   info - lib\student_app\exam_details_page.dart:51:43 - 'withOpacity' is deprecated and shouldn't be used. Use .withValues() to avoid precision loss. Try replacing the use of the deprecated member with the replacement. - deprecated_member_use
   info - lib\student_app\exam_details_page.dart:88:47 - 'withOpacity' is deprecated and shouldn't be used. Use .withValues() to avoid precision loss. Try replacing the use of the deprecated member with the replacement. - deprecated_member_use
   info - lib\student_app\exam_summary_dialog.dart:134:43 - 'withOpacity' is deprecated and shouldn't be used. Use .withValues() to avoid precision loss. Try replacing the use of the deprecated member with the replacement. - deprecated_member_use
   info - lib\student_app\exam_summary_dialog.dart:298:47 - 'withOpacity' is deprecated and shouldn't be used. Use .withValues() to avoid precision loss. Try replacing the use of the deprecated member with the replacement. - deprecated_member_use
   info - lib\student_app\exam_weekend_details.dart:185:39 - 'withOpacity' is deprecated and shouldn't be used. Use .withValues() to avoid precision loss. Try replacing the use of the deprecated member with the replacement. - deprecated_member_use
   info - lib\student_app\exam_weekend_details.dart:227:60 - 'withOpacity' is deprecated and shouldn't be used. Use .withValues() to avoid precision loss. Try replacing the use of the deprecated member with the replacement. - deprecated_member_use
   info - lib\student_app\exam_weekend_details.dart:264:47 - 'withOpacity' is deprecated and shouldn't be used. Use .withValues() to avoid precision loss. Try replacing the use of the deprecated member with the replacement. - deprecated_member_use
   info - lib\student_app\exam_weekend_details.dart:266:49 - 'withOpacity' is deprecated and shouldn't be used. Use .withValues() to avoid precision loss. Try replacing the use of the deprecated member with the replacement. - deprecated_member_use
   info - lib\student_app\exam_writing_page.dart:391:49 - 'withOpacity' is deprecated and shouldn't be used. Use .withValues() to avoid precision loss. Try replacing the use of the deprecated member with the replacement. - deprecated_member_use
   info - lib\student_app\exam_writing_page.dart:422:47 - 'withOpacity' is deprecated and shouldn't be used. Use .withValues() to avoid precision loss. Try replacing the use of the deprecated member with the replacement. - deprecated_member_use
   info - lib\student_app\exam_writing_page.dart:601:7 - Statements in an if should be enclosed in a block. Try wrapping the statement in a block. - curly_braces_in_flow_control_structures
   info - lib\student_app\exam_writing_page.dart:618:45 - 'withOpacity' is deprecated and shouldn't be used. Use .withValues() to avoid precision loss. Try replacing the use of the deprecated member with the replacement. - deprecated_member_use
   info - lib\student_app\exam_writing_page.dart:692:48 - 'withOpacity' is deprecated and shouldn't be used. Use .withValues() to avoid precision loss. Try replacing the use of the deprecated member with the replacement. - deprecated_member_use
   info - lib\student_app\exam_writing_page.dart:724:44 - 'withOpacity' is deprecated and shouldn't be used. Use .withValues() to avoid precision loss. Try replacing the use of the deprecated member with the replacement. - deprecated_member_use
   info - lib\student_app\exam_writing_page.dart:726:63 - 'withOpacity' is deprecated and shouldn't be used. Use .withValues() to avoid precision loss. Try replacing the use of the deprecated member with the replacement. - deprecated_member_use
   info - lib\student_app\exam_writing_page.dart:800:42 - 'withOpacity' is deprecated and shouldn't be used. Use .withValues() to avoid precision loss. Try replacing the use of the deprecated member with the replacement. - deprecated_member_use
   info - lib\student_app\exam_writing_page.dart:802:61 - 'withOpacity' is deprecated and shouldn't be used. Use .withValues() to avoid precision loss. Try replacing the use of the deprecated member with the replacement. - deprecated_member_use
   info - lib\student_app\exam_writing_page.dart:909:22 - 'withOpacity' is deprecated and shouldn't be used. Use .withValues() to avoid precision loss. Try replacing the use of the deprecated member with the replacement. - deprecated_member_use
   info - lib\student_app\full_day_timetable.dart:36:43 - 'withOpacity' is deprecated and shouldn't be used. Use .withValues() to avoid precision loss. Try replacing the use of the deprecated member with the replacement. - deprecated_member_use
   info - lib\student_app\full_day_timetable.dart:131:39 - 'withOpacity' is deprecated and shouldn't be used. Use .withValues() to avoid precision loss. Try replacing the use of the deprecated member with the replacement. - deprecated_member_use
   info - lib\student_app\hostel_attendence_page.dart:603:42 - 'withOpacity' is deprecated and shouldn't be used. Use .withValues() to avoid precision loss. Try replacing the use of the deprecated member with the replacement. - deprecated_member_use
   info - lib\student_app\hostel_attendence_page.dart:895:33 - 'withOpacity' is deprecated and shouldn't be used. Use .withValues() to avoid precision loss. Try replacing the use of the deprecated member with the replacement. - deprecated_member_use
   info - lib\student_app\hostel_attendence_page.dart:982:43 - 'withOpacity' is deprecated and shouldn't be used. Use .withValues() to avoid precision loss. Try replacing the use of the deprecated member with the replacement. - deprecated_member_use
   info - lib\student_app\hostel_fee_page.dart:677:53 - Unnecessary use of multiple underscores. Try using '_'. - unnecessary_underscores
   info - lib\student_app\hostel_fee_page.dart:854:10 - The variable name '_HeaderPH' isn't a lowerCamelCase identifier. Try changing the name to follow the lowerCamelCase style. - non_constant_identifier_names
   info - lib\student_app\hostel_fee_page.dart:902:23 - Statements in an if should be enclosed in a block. Try wrapping the statement in a block. - curly_braces_in_flow_control_structures
   info - lib\student_app\hostel_fee_page.dart:911:51 - Unnecessary use of multiple underscores. Try using '_'. - unnecessary_underscores
   info - lib\student_app\hostel_month_detail_page.dart:133:43 - 'withOpacity' is deprecated and shouldn't be used. Use .withValues() to avoid precision loss. Try replacing the use of the deprecated member with the replacement. - deprecated_member_use
   info - lib\student_app\hostel_month_detail_page.dart:606:39 - 'withOpacity' is deprecated and shouldn't be used. Use .withValues() to avoid precision loss. Try replacing the use of the deprecated member with the replacement. - deprecated_member_use
   info - lib\student_app\hostel_payment_page.dart:224:43 - Don't use 'BuildContext's across async gaps, guarded by an unrelated 'mounted' check. Guard a 'State.context' use with a 'mounted' check on the State, and other BuildContext use with a 'mounted' check on the BuildContext. - use_build_context_synchronously
   info - lib\student_app\hostel_payment_page.dart:232:33 - Don't use 'BuildContext's across async gaps, guarded by an unrelated 'mounted' check. Guard a 'State.context' use with a 'mounted' check on the State, and other BuildContext use with a 'mounted' check on the BuildContext. - use_build_context_synchronously
   info - lib\student_app\hostel_payment_page.dart:275:52 - Don't use 'BuildContext's across async gaps, guarded by an unrelated 'mounted' check. Guard a 'State.context' use with a 'mounted' check on the State, and other BuildContext use with a 'mounted' check on the BuildContext. - use_build_context_synchronously
   info - lib\student_app\hostel_payment_page.dart:288:43 - Don't use 'BuildContext's across async gaps, guarded by an unrelated 'mounted' check. Guard a 'State.context' use with a 'mounted' check on the State, and other BuildContext use with a 'mounted' check on the BuildContext. - use_build_context_synchronously
   info - lib\student_app\hostel_payment_page.dart:289:50 - Don't use 'BuildContext's across async gaps, guarded by an unrelated 'mounted' check. Guard a 'State.context' use with a 'mounted' check on the State, and other BuildContext use with a 'mounted' check on the BuildContext. - use_build_context_synchronously
   info - lib\student_app\hostel_payment_page.dart:354:17 - 'groupValue' is deprecated and shouldn't be used. Use a RadioGroup ancestor to manage group value instead. This feature was deprecated after v3.32.0-0.0.pre. Try replacing the use of the deprecated member with the replacement. - deprecated_member_use
   info - lib\student_app\hostel_payment_page.dart:355:17 - 'onChanged' is deprecated and shouldn't be used. Use RadioGroup to handle value change instead. This feature was deprecated after v3.32.0-0.0.pre. Try replacing the use of the deprecated member with the replacement. - deprecated_member_use
   info - lib\student_app\marks_grades_page.dart:46:43 - 'withOpacity' is deprecated and shouldn't be used. Use .withValues() to avoid precision loss. Try replacing the use of the deprecated member with the replacement. - deprecated_member_use
   info - lib\student_app\marks_grades_page.dart:395:33 - 'withOpacity' is deprecated and shouldn't be used. Use .withValues() to avoid precision loss. Try replacing the use of the deprecated member with the replacement. - deprecated_member_use
   info - lib\student_app\marks_grades_page.dart:585:54 - 'withOpacity' is deprecated and shouldn't be used. Use .withValues() to avoid precision loss. Try replacing the use of the deprecated member with the replacement. - deprecated_member_use
   info - lib\student_app\marks_page.dart:188:48 - 'withOpacity' is deprecated and shouldn't be used. Use .withValues() to avoid precision loss. Try replacing the use of the deprecated member with the replacement. - deprecated_member_use
   info - lib\student_app\marks_page.dart:222:48 - 'withOpacity' is deprecated and shouldn't be used. Use .withValues() to avoid precision loss. Try replacing the use of the deprecated member with the replacement. - deprecated_member_use
   info - lib\student_app\marks_page.dart:253:48 - 'withOpacity' is deprecated and shouldn't be used. Use .withValues() to avoid precision loss. Try replacing the use of the deprecated member with the replacement. - deprecated_member_use
   info - lib\student_app\marks_page.dart:273:48 - 'withOpacity' is deprecated and shouldn't be used. Use .withValues() to avoid precision loss. Try replacing the use of the deprecated member with the replacement. - deprecated_member_use
   info - lib\student_app\marks_page.dart:297:48 - 'withOpacity' is deprecated and shouldn't be used. Use .withValues() to avoid precision loss. Try replacing the use of the deprecated member with the replacement. - deprecated_member_use
   info - lib\student_app\marks_page.dart:424:48 - 'withOpacity' is deprecated and shouldn't be used. Use .withValues() to avoid precision loss. Try replacing the use of the deprecated member with the replacement. - deprecated_member_use
   info - lib\student_app\marks_page.dart:493:22 - 'withOpacity' is deprecated and shouldn't be used. Use .withValues() to avoid precision loss. Try replacing the use of the deprecated member with the replacement. - deprecated_member_use
   info - lib\student_app\marks_page.dart:584:48 - 'withOpacity' is deprecated and shouldn't be used. Use .withValues() to avoid precision loss. Try replacing the use of the deprecated member with the replacement. - deprecated_member_use
   info - lib\student_app\marks_page.dart:665:30 - 'withOpacity' is deprecated and shouldn't be used. Use .withValues() to avoid precision loss. Try replacing the use of the deprecated member with the replacement. - deprecated_member_use
   info - lib\student_app\marks_page.dart:704:48 - 'withOpacity' is deprecated and shouldn't be used. Use .withValues() to avoid precision loss. Try replacing the use of the deprecated member with the replacement. - deprecated_member_use
   info - lib\student_app\marks_page.dart:725:17 - Use the null-aware marker '?' rather than a null check via an 'if'. Try using '?'. - use_null_aware_elements
   info - lib\student_app\model\class_attendance.dart:195:13 - Statements in an if should be enclosed in a block. Try wrapping the statement in a block. - curly_braces_in_flow_control_structures
   info - lib\student_app\model\class_attendance.dart:197:13 - Statements in an if should be enclosed in a block. Try wrapping the statement in a block. - curly_braces_in_flow_control_structures
   info - lib\student_app\model\class_attendance.dart:199:13 - Statements in an if should be enclosed in a block. Try wrapping the statement in a block. - curly_braces_in_flow_control_structures
   info - lib\student_app\model\class_attendance.dart:201:13 - Statements in an if should be enclosed in a block. Try wrapping the statement in a block. - curly_braces_in_flow_control_structures
   info - lib\student_app\model\class_attendance.dart:203:13 - Statements in an if should be enclosed in a block. Try wrapping the statement in a block. - curly_braces_in_flow_control_structures
   info - lib\student_app\online_exam_portal_page.dart:232:53 - 'withOpacity' is deprecated and shouldn't be used. Use .withValues() to avoid precision loss. Try replacing the use of the deprecated member with the replacement. - deprecated_member_use
   info - lib\student_app\online_exam_portal_page.dart:279:33 - 'withOpacity' is deprecated and shouldn't be used. Use .withValues() to avoid precision loss. Try replacing the use of the deprecated member with the replacement. - deprecated_member_use
   info - lib\student_app\online_exam_portal_page.dart:410:38 - 'withOpacity' is deprecated and shouldn't be used. Use .withValues() to avoid precision loss. Try replacing the use of the deprecated member with the replacement. - deprecated_member_use
   info - lib\student_app\outing_details_page.dart:124:37 - 'withOpacity' is deprecated and shouldn't be used. Use .withValues() to avoid precision loss. Try replacing the use of the deprecated member with the replacement. - deprecated_member_use
   info - lib\student_app\outings_permissions_page.dart:236:59 - 'withOpacity' is deprecated and shouldn't be used. Use .withValues() to avoid precision loss. Try replacing the use of the deprecated member with the replacement. - deprecated_member_use
   info - lib\student_app\outings_permissions_page.dart:571:33 - 'withOpacity' is deprecated and shouldn't be used. Use .withValues() to avoid precision loss. Try replacing the use of the deprecated member with the replacement. - deprecated_member_use
   info - lib\student_app\outings_permissions_page.dart:667:33 - 'withOpacity' is deprecated and shouldn't be used. Use .withValues() to avoid precision loss. Try replacing the use of the deprecated member with the replacement. - deprecated_member_use
   info - lib\student_app\profile_page.dart:25:30 - The private field _personalData could be 'final'. Try making the field 'final'. - prefer_final_fields
   info - lib\student_app\profile_page.dart:50:30 - The private field _contactData could be 'final'. Try making the field 'final'. - prefer_final_fields
   info - lib\student_app\profile_page.dart:66:30 - The private field _academicData could be 'final'. Try making the field 'final'. - prefer_final_fields
   info - lib\student_app\profile_page.dart:82:30 - The private field _admissionData could be 'final'. Try making the field 'final'. - prefer_final_fields
   info - lib\student_app\profile_page.dart:324:35 - 'withOpacity' is deprecated and shouldn't be used. Use .withValues() to avoid precision loss. Try replacing the use of the deprecated member with the replacement. - deprecated_member_use
   info - lib\student_app\profile_page.dart:400:47 - 'withOpacity' is deprecated and shouldn't be used. Use .withValues() to avoid precision loss. Try replacing the use of the deprecated member with the replacement. - deprecated_member_use
   info - lib\student_app\profile_page.dart:403:33 - 'withOpacity' is deprecated and shouldn't be used. Use .withValues() to avoid precision loss. Try replacing the use of the deprecated member with the replacement. - deprecated_member_use
   info - lib\student_app\profile_page.dart:482:29 - Function literals shouldn't be passed to 'forEach'. Try using a 'for' loop. - avoid_function_literals_in_foreach_calls
   info - lib\student_app\profile_page.dart:487:29 - Function literals shouldn't be passed to 'forEach'. Try using a 'for' loop. - avoid_function_literals_in_foreach_calls
   info - lib\student_app\profile_page.dart:492:28 - Function literals shouldn't be passed to 'forEach'. Try using a 'for' loop. - avoid_function_literals_in_foreach_calls
   info - lib\student_app\profile_page.dart:691:26 - 'withOpacity' is deprecated and shouldn't be used. Use .withValues() to avoid precision loss. Try replacing the use of the deprecated member with the replacement. - deprecated_member_use
   info - lib\student_app\profile_page.dart:754:33 - 'withOpacity' is deprecated and shouldn't be used. Use .withValues() to avoid precision loss. Try replacing the use of the deprecated member with the replacement. - deprecated_member_use
   info - lib\student_app\profile_page.dart:859:36 - 'withOpacity' is deprecated and shouldn't be used. Use .withValues() to avoid precision loss. Try replacing the use of the deprecated member with the replacement. - deprecated_member_use
   info - lib\student_app\profile_page.dart:900:33 - 'withOpacity' is deprecated and shouldn't be used. Use .withValues() to avoid precision loss. Try replacing the use of the deprecated member with the replacement. - deprecated_member_use
   info - lib\student_app\profile_page.dart:1072:33 - 'withOpacity' is deprecated and shouldn't be used. Use .withValues() to avoid precision loss. Try replacing the use of the deprecated member with the replacement. - deprecated_member_use
   info - lib\student_app\profile_page.dart:1136:60 - 'withOpacity' is deprecated and shouldn't be used. Use .withValues() to avoid precision loss. Try replacing the use of the deprecated member with the replacement. - deprecated_member_use
   info - lib\student_app\profile_page.dart:1140:60 - 'withOpacity' is deprecated and shouldn't be used. Use .withValues() to avoid precision loss. Try replacing the use of the deprecated member with the replacement. - deprecated_member_use
   info - lib\student_app\profile_page.dart:1146:60 - 'withOpacity' is deprecated and shouldn't be used. Use .withValues() to avoid precision loss. Try replacing the use of the deprecated member with the replacement. - deprecated_member_use
   info - lib\student_app\services\attendance_service.dart:46:7 - Don't invoke 'print' in production code. Try using a logging framework. - avoid_print
   info - lib\student_app\services\attendance_service.dart:143:7 - Don't invoke 'print' in production code. Try using a logging framework. - avoid_print
   info - lib\student_app\services\fee_services_page.dart:52:7 - Don't invoke 'print' in production code. Try using a logging framework. - avoid_print
   info - lib\student_app\services\fee_services_page.dart:88:7 - Don't invoke 'print' in production code. Try using a logging framework. - avoid_print
   info - lib\student_app\services\hostel_attendance_service.dart:41:7 - Don't invoke 'print' in production code. Try using a logging framework. - avoid_print
   info - lib\student_app\services\hostel_attendance_service.dart:87:7 - Don't invoke 'print' in production code. Try using a logging framework. - avoid_print
   info - lib\student_app\student_app_bar.dart:64:34 - 'withOpacity' is deprecated and shouldn't be used. Use .withValues() to avoid precision loss. Try replacing the use of the deprecated member with the replacement. - deprecated_member_use
   info - lib\student_app\student_app_bar.dart:119:53 - 'withOpacity' is deprecated and shouldn't be used. Use .withValues() to avoid precision loss. Try replacing the use of the deprecated member with the replacement. - deprecated_member_use
   info - lib\student_app\student_app_bar.dart:136:53 - 'withOpacity' is deprecated and shouldn't be used. Use .withValues() to avoid precision loss. Try replacing the use of the deprecated member with the replacement. - deprecated_member_use
   info - lib\student_app\student_app_bar.dart:154:21 - Unnecessary 'const' keyword. Try removing the keyword. - unnecessary_const
   info - lib\student_app\student_calendar.dart:158:37 - 'withOpacity' is deprecated and shouldn't be used. Use .withValues() to avoid precision loss. Try replacing the use of the deprecated member with the replacement. - deprecated_member_use
   info - lib\student_app\student_calendar.dart:298:37 - 'withOpacity' is deprecated and shouldn't be used. Use .withValues() to avoid precision loss. Try replacing the use of the deprecated member with the replacement. - deprecated_member_use
   info - lib\student_app\student_calendar.dart:381:42 - 'withOpacity' is deprecated and shouldn't be used. Use .withValues() to avoid precision loss. Try replacing the use of the deprecated member with the replacement. - deprecated_member_use
   info - lib\student_app\student_profile_page.dart:92:7 - Statements in an if should be enclosed in a block. Try wrapping the statement in a block. - curly_braces_in_flow_control_structures
   info - lib\student_app\student_profile_page.dart:119:39 - 'withOpacity' is deprecated and shouldn't be used. Use .withValues() to avoid precision loss. Try replacing the use of the deprecated member with the replacement. - deprecated_member_use
   info - lib\student_app\student_profile_page.dart:194:38 - 'withOpacity' is deprecated and shouldn't be used. Use .withValues() to avoid precision loss. Try replacing the use of the deprecated member with the replacement. - deprecated_member_use
   info - lib\student_app\studentdrawer.dart:101:52 - 'withOpacity' is deprecated and shouldn't be used. Use .withValues() to avoid precision loss. Try replacing the use of the deprecated member with the replacement. - deprecated_member_use
   info - lib\student_app\studentdrawer.dart:139:43 - 'withOpacity' is deprecated and shouldn't be used. Use .withValues() to avoid precision loss. Try replacing the use of the deprecated member with the replacement. - deprecated_member_use
   info - lib\student_app\theme\student_theme.dart:23:24 - 'withOpacity' is deprecated and shouldn't be used. Use .withValues() to avoid precision loss. Try replacing the use of the deprecated member with the replacement. - deprecated_member_use
   info - lib\student_app\theme\student_theme.dart:24:23 - 'withOpacity' is deprecated and shouldn't be used. Use .withValues() to avoid precision loss. Try replacing the use of the deprecated member with the replacement. - deprecated_member_use
   info - lib\student_app\theme\student_theme.dart:41:31 - 'withOpacity' is deprecated and shouldn't be used. Use .withValues() to avoid precision loss. Try replacing the use of the deprecated member with the replacement. - deprecated_member_use
   info - lib\student_app\theme\student_theme.dart:71:34 - 'withOpacity' is deprecated and shouldn't be used. Use .withValues() to avoid precision loss. Try replacing the use of the deprecated member with the replacement. - deprecated_member_use
   info - lib\student_app\upcoming_exams_page.dart:60:43 - 'withOpacity' is deprecated and shouldn't be used. Use .withValues() to avoid precision loss. Try replacing the use of the deprecated member with the replacement. - deprecated_member_use
   info - lib\student_app\upcoming_exams_page.dart:250:48 - 'withOpacity' is deprecated and shouldn't be used. Use .withValues() to avoid precision loss. Try replacing the use of the deprecated member with the replacement. - deprecated_member_use
   info - lib\student_app\upcoming_exams_page.dart:288:43 - 'withOpacity' is deprecated and shouldn't be used. Use .withValues() to avoid precision loss. Try replacing the use of the deprecated member with the replacement. - deprecated_member_use
   info - lib\student_app\upcoming_exams_page.dart:295:45 - 'withOpacity' is deprecated and shouldn't be used. Use .withValues() to avoid precision loss. Try replacing the use of the deprecated member with the replacement. - deprecated_member_use
   info - lib\student_app\upload_document_dialog.dart:88:38 - 'withOpacity' is deprecated and shouldn't be used. Use .withValues() to avoid precision loss. Try replacing the use of the deprecated member with the replacement. - deprecated_member_use
   info - lib\student_app\upload_document_dialog.dart:116:43 - 'withOpacity' is deprecated and shouldn't be used. Use .withValues() to avoid precision loss. Try replacing the use of the deprecated member with the replacement. - deprecated_member_use
   info - lib\student_app\upload_document_dialog.dart:142:55 - 'withOpacity' is deprecated and shouldn't be used. Use .withValues() to avoid precision loss. Try replacing the use of the deprecated member with the replacement. - deprecated_member_use
   info - lib\student_app\upload_document_dialog.dart:203:63 - 'withOpacity' is deprecated and shouldn't be used. Use .withValues() to avoid precision loss. Try replacing the use of the deprecated member with the replacement. - deprecated_member_use
   info - lib\student_app\weekly_timetable.dart:35:43 - 'withOpacity' is deprecated and shouldn't be used. Use .withValues() to avoid precision loss. Try replacing the use of the deprecated member with the replacement. - deprecated_member_use
   info - lib\student_app\weekly_timetable.dart:70:58 - 'withOpacity' is deprecated and shouldn't be used. Use .withValues() to avoid precision loss. Try replacing the use of the deprecated member with the replacement. - deprecated_member_use
   info - lib\student_app\weekly_timetable.dart:169:48 - 'withOpacity' is deprecated and shouldn't be used. Use .withValues() to avoid precision loss. Try replacing the use of the deprecated member with the replacement. - deprecated_member_use
   info - lib\student_app\widgets\completed_exam_card.dart:155:45 - 'withOpacity' is deprecated and shouldn't be used. Use .withValues() to avoid precision loss. Try replacing the use of the deprecated member with the replacement. - deprecated_member_use
   info - lib\student_app\widgets\completed_exam_card.dart:178:44 - 'withOpacity' is deprecated and shouldn't be used. Use .withValues() to avoid precision loss. Try replacing the use of the deprecated member with the replacement. - deprecated_member_use
   info - lib\student_app\widgets\completed_exam_card.dart:208:40 - 'withOpacity' is deprecated and shouldn't be used. Use .withValues() to avoid precision loss. Try replacing the use of the deprecated member with the replacement. - deprecated_member_use
   info - lib\student_app\widgets\dashboard_widgets.dart:34:40 - 'withOpacity' is deprecated and shouldn't be used. Use .withValues() to avoid precision loss. Try replacing the use of the deprecated member with the replacement. - deprecated_member_use
   info - lib\student_app\widgets\dashboard_widgets.dart:50:37 - 'withOpacity' is deprecated and shouldn't be used. Use .withValues() to avoid precision loss. Try replacing the use of the deprecated member with the replacement. - deprecated_member_use
   info - lib\student_app\widgets\dashboard_widgets.dart:90:41 - 'withOpacity' is deprecated and shouldn't be used. Use .withValues() to avoid precision loss. Try replacing the use of the deprecated member with the replacement. - deprecated_member_use
   info - lib\student_app\widgets\dashboard_widgets.dart:131:33 - 'withOpacity' is deprecated and shouldn't be used. Use .withValues() to avoid precision loss. Try replacing the use of the deprecated member with the replacement. - deprecated_member_use
   info - lib\student_app\widgets\dashboard_widgets.dart:201:32 - 'withOpacity' is deprecated and shouldn't be used. Use .withValues() to avoid precision loss. Try replacing the use of the deprecated member with the replacement. - deprecated_member_use
   info - lib\student_app\widgets\dashboard_widgets.dart:256:33 - 'withOpacity' is deprecated and shouldn't be used. Use .withValues() to avoid precision loss. Try replacing the use of the deprecated member with the replacement. - deprecated_member_use
   info - lib\student_app\widgets\dashboard_widgets.dart:349:43 - 'withOpacity' is deprecated and shouldn't be used. Use .withValues() to avoid precision loss. Try replacing the use of the deprecated member with the replacement. - deprecated_member_use
   info - lib\student_app\widgets\dashboard_widgets.dart:369:33 - Statements in an if should be enclosed in a block. Try wrapping the statement in a block. - curly_braces_in_flow_control_structures
   info - lib\student_app\widgets\dashboard_widgets.dart:410:46 - 'withOpacity' is deprecated and shouldn't be used. Use .withValues() to avoid precision loss. Try replacing the use of the deprecated member with the replacement. - deprecated_member_use
   info - lib\student_app\widgets\dashboard_widgets.dart:417:63 - 'withOpacity' is deprecated and shouldn't be used. Use .withValues() to avoid precision loss. Try replacing the use of the deprecated member with the replacement. - deprecated_member_use
   info - lib\student_app\widgets\dashboard_widgets.dart:419:48 - 'withOpacity' is deprecated and shouldn't be used. Use .withValues() to avoid precision loss. Try replacing the use of the deprecated member with the replacement. - deprecated_member_use
   info - lib\student_app\widgets\exam_app_bar.dart:72:37 - 'withOpacity' is deprecated and shouldn't be used. Use .withValues() to avoid precision loss. Try replacing the use of the deprecated member with the replacement. - deprecated_member_use
   info - lib\student_app\widgets\exam_footer.dart:36:33 - 'withOpacity' is deprecated and shouldn't be used. Use .withValues() to avoid precision loss. Try replacing the use of the deprecated member with the replacement. - deprecated_member_use
   info - lib\student_app\widgets\exam_footer.dart:148:28 - 'withOpacity' is deprecated and shouldn't be used. Use .withValues() to avoid precision loss. Try replacing the use of the deprecated member with the replacement. - deprecated_member_use
   info - lib\student_app\widgets\exam_headers.dart:259:41 - 'withOpacity' is deprecated and shouldn't be used. Use .withValues() to avoid precision loss. Try replacing the use of the deprecated member with the replacement. - deprecated_member_use
   info - lib\student_app\widgets\exam_headers.dart:264:43 - 'withOpacity' is deprecated and shouldn't be used. Use .withValues() to avoid precision loss. Try replacing the use of the deprecated member with the replacement. - deprecated_member_use
   info - lib\student_app\widgets\exam_palette_popup.dart:67:38 - 'withOpacity' is deprecated and shouldn't be used. Use .withValues() to avoid precision loss. Try replacing the use of the deprecated member with the replacement. - deprecated_member_use
   info - lib\student_app\widgets\exam_timer_header.dart:26:33 - 'withOpacity' is deprecated and shouldn't be used. Use .withValues() to avoid precision loss. Try replacing the use of the deprecated member with the replacement. - deprecated_member_use
   info - lib\student_app\widgets\loading_animation.dart:81:30 - 'withOpacity' is deprecated and shouldn't be used. Use .withValues() to avoid precision loss. Try replacing the use of the deprecated member with the replacement. - deprecated_member_use
   info - lib\student_app\widgets\marks_widgets.dart:80:33 - 'withOpacity' is deprecated and shouldn't be used. Use .withValues() to avoid precision loss. Try replacing the use of the deprecated member with the replacement. - deprecated_member_use
   info - lib\student_app\widgets\marks_widgets.dart:110:37 - 'withOpacity' is deprecated and shouldn't be used. Use .withValues() to avoid precision loss. Try replacing the use of the deprecated member with the replacement. - deprecated_member_use
   info - lib\student_app\widgets\marks_widgets.dart:353:37 - 'withOpacity' is deprecated and shouldn't be used. Use .withValues() to avoid precision loss. Try replacing the use of the deprecated member with the replacement. - deprecated_member_use
   info - lib\student_app\widgets\marks_widgets.dart:441:35 - 'withOpacity' is deprecated and shouldn't be used. Use .withValues() to avoid precision loss. Try replacing the use of the deprecated member with the replacement. - deprecated_member_use
   info - lib\student_app\widgets\marks_widgets.dart:499:32 - 'withOpacity' is deprecated and shouldn't be used. Use .withValues() to avoid precision loss. Try replacing the use of the deprecated member with the replacement. - deprecated_member_use
   info - lib\student_app\widgets\student_app_header.dart:41:37 - 'withOpacity' is deprecated and shouldn't be used. Use .withValues() to avoid precision loss. Try replacing the use of the deprecated member with the replacement. - deprecated_member_use
   info - lib\student_app\widgets\student_bottom_nav.dart:70:40 - 'withOpacity' is deprecated and shouldn't be used. Use .withValues() to avoid precision loss. Try replacing the use of the deprecated member with the replacement. - deprecated_member_use
   info - test_parser.dart:20:3 - Don't invoke 'print' in production code. Try using a logging framework. - avoid_print
   info - test_parser.dart:21:3 - Don't invoke 'print' in production code. Try using a logging framework. - avoid_print

531 issues found.
